LX51 LINKER/LOCATER V4.05                                                               12/23/2006  00:34:02  PAGE 1


LX51 LINKER/LOCATER V4.05, INVOKED BY:
C:\PROGRAM FILES\KEIL\C51\BIN\LX51.EXE STARTUP.obj, IDE_51_main_rev6.obj, fat.obj, rprintf.obj TO IDE-51 NOOL CLASSES (X
>> DATA (X:0X0-X:0X3FF), HDATA (X:0X0-X:0X3FF))


CPU MODE:     8051 MODE
MEMORY MODEL: LARGE


INPUT MODULES INCLUDED:
  STARTUP.obj (?C_STARTUP)
         COMMENT TYPE 0: AX51 V3.01
  IDE_51_main_rev6.obj (IDE_51_MAIN_REV6)
         COMMENT TYPE 0: C51 V8.02
  fat.obj (FAT)
         COMMENT TYPE 0: C51 V8.02
  rprintf.obj (RPRINTF)
         COMMENT TYPE 0: C51 V8.02
  C:\PROGRAM FILES\KEIL\C51\LIB\C51L.LIB (?C_INIT)
         COMMENT TYPE 1: A51 / ASM51 Assembler
  C:\PROGRAM FILES\KEIL\C51\LIB\C51L.LIB (?C?COPY)
         COMMENT TYPE 1: A51 / ASM51 Assembler
  C:\PROGRAM FILES\KEIL\C51\LIB\C51L.LIB (?C?CLDPTR)
         COMMENT TYPE 1: A51 / ASM51 Assembler
  C:\PROGRAM FILES\KEIL\C51\LIB\C51L.LIB (?C?CLDOPTR)
         COMMENT TYPE 1: A51 / ASM51 Assembler
  C:\PROGRAM FILES\KEIL\C51\LIB\C51L.LIB (?C?CSTPTR)
         COMMENT TYPE 1: A51 / ASM51 Assembler
  C:\PROGRAM FILES\KEIL\C51\LIB\C51L.LIB (?C?IMUL)
         COMMENT TYPE 1: A51 / ASM51 Assembler
  C:\PROGRAM FILES\KEIL\C51\LIB\C51L.LIB (?C?IILDX)
         COMMENT TYPE 1: A51 / ASM51 Assembler
  C:\PROGRAM FILES\KEIL\C51\LIB\C51L.LIB (?C?ILDIX)
         COMMENT TYPE 1: A51 / ASM51 Assembler
  C:\PROGRAM FILES\KEIL\C51\LIB\C51L.LIB (?C?ILDPTR)
         COMMENT TYPE 1: A51 / ASM51 Assembler
  C:\PROGRAM FILES\KEIL\C51\LIB\C51L.LIB (?C?ILDOPTR)
         COMMENT TYPE 1: A51 / ASM51 Assembler
  C:\PROGRAM FILES\KEIL\C51\LIB\C51L.LIB (?C?LMUL)
         COMMENT TYPE 1: A51 / ASM51 Assembler
  C:\PROGRAM FILES\KEIL\C51\LIB\C51L.LIB (?C?ULDIV)
         COMMENT TYPE 1: A51 / ASM51 Assembler
  C:\PROGRAM FILES\KEIL\C51\LIB\C51L.LIB (?C?LNEG)
         COMMENT TYPE 1: A51 / ASM51 Assembler
  C:\PROGRAM FILES\KEIL\C51\LIB\C51L.LIB (?C?SLCMP)
         COMMENT TYPE 1: A51 / ASM51 Assembler
  C:\PROGRAM FILES\KEIL\C51\LIB\C51L.LIB (?C?ULCMP)
         COMMENT TYPE 1: A51 / ASM51 Assembler
  C:\PROGRAM FILES\KEIL\C51\LIB\C51L.LIB (?C?ULSHR)
         COMMENT TYPE 1: A51 / ASM51 Assembler
  C:\PROGRAM FILES\KEIL\C51\LIB\C51L.LIB (?C?LSHL)
         COMMENT TYPE 1: A51 / ASM51 Assembler
  C:\PROGRAM FILES\KEIL\C51\LIB\C51L.LIB (?C?LLDPTR)
         COMMENT TYPE 1: A51 / ASM51 Assembler
  C:\PROGRAM FILES\KEIL\C51\LIB\C51L.LIB (?C?LLDOPTR)
         COMMENT TYPE 1: A51 / ASM51 Assembler
  C:\PROGRAM FILES\KEIL\C51\LIB\C51L.LIB (?C?LLDIDATA)
         COMMENT TYPE 1: A51 / ASM51 Assembler
  C:\PROGRAM FILES\KEIL\C51\LIB\C51L.LIB (?C?LLDIDATA0)
         COMMENT TYPE 1: A51 / ASM51 Assembler
  C:\PROGRAM FILES\KEIL\C51\LIB\C51L.LIB (?C?LLDIIDATA)
         COMMENT TYPE 1: A51 / ASM51 Assembler
  C:\PROGRAM FILES\KEIL\C51\LIB\C51L.LIB (?C?LSTIDATA)
         COMMENT TYPE 1: A51 / ASM51 Assembler
  C:\PROGRAM FILES\KEIL\C51\LIB\C51L.LIB (?C?LSTXDATA)
         COMMENT TYPE 1: A51 / ASM51 Assembler
LX51 LINKER/LOCATER V4.05                                                             12/23/2006  00:34:02  PAGE 2


  C:\PROGRAM FILES\KEIL\C51\LIB\C51L.LIB (?C?LSTKIDATA)
         COMMENT TYPE 1: A51 / ASM51 Assembler
  C:\PROGRAM FILES\KEIL\C51\LIB\C51L.LIB (?C?LSTKXDATA)
         COMMENT TYPE 1: A51 / ASM51 Assembler
  C:\PROGRAM FILES\KEIL\C51\LIB\C51L.LIB (PRINTF)
         COMMENT TYPE 1: A51 / ASM51 Assembler
  C:\PROGRAM FILES\KEIL\C51\LIB\C51L.LIB (STRCAT)
         COMMENT TYPE 1: C51 Compiler
  C:\PROGRAM FILES\KEIL\C51\LIB\C51L.LIB (?C?STRCPY)
         COMMENT TYPE 1: A51 / ASM51 Assembler
  C:\PROGRAM FILES\KEIL\C51\LIB\C51L.LIB (STRTOL)
         COMMENT TYPE 1: C51 Compiler
  C:\PROGRAM FILES\KEIL\C51\LIB\C51L.LIB (?C?LLDXDATA)
         COMMENT TYPE 1: A51 / ASM51 Assembler
  C:\PROGRAM FILES\KEIL\C51\LIB\C51L.LIB (?C?LLDPDATA)
         COMMENT TYPE 1: A51 / ASM51 Assembler
  C:\PROGRAM FILES\KEIL\C51\LIB\C51L.LIB (?C?LLDCODE)
         COMMENT TYPE 1: A51 / ASM51 Assembler
  C:\PROGRAM FILES\KEIL\C51\LIB\C51L.LIB (?C?PLDIXDATA)
         COMMENT TYPE 1: A51 / ASM51 Assembler
  C:\PROGRAM FILES\KEIL\C51\LIB\C51L.LIB (?C?PSTXDATA)
         COMMENT TYPE 1: A51 / ASM51 Assembler
  C:\PROGRAM FILES\KEIL\C51\LIB\C51L.LIB (?C?PSTPTR)
         COMMENT TYPE 1: A51 / ASM51 Assembler
  C:\PROGRAM FILES\KEIL\C51\LIB\C51L.LIB (?C?CCASE)
         COMMENT TYPE 1: A51 / ASM51 Assembler
  C:\PROGRAM FILES\KEIL\C51\LIB\C51L.LIB (?C?PSTIDATA)
         COMMENT TYPE 1: A51 / ASM51 Assembler
  C:\PROGRAM FILES\KEIL\C51\LIB\C51L.LIB (?C?PSTPDATA)
         COMMENT TYPE 1: A51 / ASM51 Assembler


ACTIVE MEMORY CLASSES OF MODULE:  IDE-51 (?C_STARTUP)

BASE        START       END         USED      MEMORY CLASS
==========================================================
X:000000H   X:000000H   X:0003FFH   0003D1H   XDATA
X:000000H   X:000000H   X:0003FFH             HDATA
C:000000H   C:000000H   C:00FFFFH   0032CDH   CODE
I:000000H   I:000000H   I:0000FFH   00009EH   IDATA
C:000000H   C:000000H   C:00FFFFH   000011H   CONST
I:000000H   I:000000H   I:00007FH   00000DH   DATA
I:000020H.0 I:000020H.0 I:00002FH.7 000001H.1 BIT


MEMORY MAP OF MODULE:  IDE-51 (?C_STARTUP)


START     STOP      LENGTH    ALIGN  RELOC    MEMORY CLASS   SEGMENT NAME
=========================================================================

* * * * * * * * * * *   D A T A   M E M O R Y   * * * * * * * * * * * * *
000000H   000007H   000008H   ---    AT..     DATA           "REG BANK 0"
000008H   00000CH   000005H   BYTE   UNIT     DATA           ?DT?PRINTF?PRINTF
00000DH   000014H   000008H   BYTE   UNIT     IDATA          ?ID?_FATGETDIRENTRY?FAT
000015H   00001BH   000007H   BYTE   UNIT     IDATA          ?ID?_ATAREADSECTORSLBA?IDE_51_MAIN_REV6
00001CH   00001DH   000002H   BYTE   UNIT     IDATA          ?ID?_ATAREADDATABUFFER?IDE_51_MAIN_REV6
00001EH   00001EH   000001H   BYTE   UNIT     IDATA          ?ID?ATADISKERR?IDE_51_MAIN_REV6
00001FH   00001FH   000001H   BYTE   UNIT     IDATA          ?ID?_FATLOADCLUSTER?FAT
000020H.0 000021H.0 000001H.1 BIT    UNIT     BIT            ?BI?PRINTF?PRINTF
000021H.1 000021H   000000H.7 ---    ---      **GAP**
000022H   00007CH   00005BH   BYTE   UNIT     IDATA          ?ID?IDE_51_MAIN_REV6
00007DH   0000A5H   000029H   BYTE   UNIT     IDATA          ?ID?FAT
0000A6H   0000ABH   000006H   BYTE   UNIT     IDATA          ?ID?_IDE_SECTORWORD?FAT
0000ACH   0000ACH   000001H   BYTE   UNIT     IDATA          ?STACK
LX51 LINKER/LOCATER V4.05                                                             12/23/2006  00:34:02  PAGE 3



* * * * * * * * * * *   C O D E   M E M O R Y   * * * * * * * * * * * * *
000000H   000002H   000003H   ---    OFFS..   CODE           ?CO?STARTUP?3
000003H   000005H   000003H   BYTE   OFFS..   CODE           ?IDE_51_MAIN_REV6?00003
000006H   000021H   00001CH   BYTE   UNIT     CODE           ?PR?ATADISKERR?IDE_51_MAIN_REV6
000022H   000022H   000001H   BYTE   UNIT     CODE           ?PR?INT0_ISR?IDE_51_MAIN_REV6
000023H   000025H   000003H   BYTE   OFFS..   CODE           ?IDE_51_MAIN_REV6?00023
000026H   00065AH   000635H   BYTE   UNIT     CODE           ?PR?_FATGETDIRENTRY?FAT
00065BH   000C64H   00060AH   BYTE   UNIT     CODE           ?C?LIB_CODE
000C65H   001190H   00052CH   BYTE   UNIT     CODE           ?PR?_FATINIT?FAT
001191H   001527H   000397H   BYTE   UNIT     CODE           ?CO?IDE_51_MAIN_REV6
001528H   00188CH   000365H   BYTE   UNIT     CODE           ?PR?PRINTF?PRINTF
00188DH   001BBCH   000330H   BYTE   UNIT     CODE           ?CO?FAT
001BBDH   001E2CH   000270H   BYTE   UNIT     CODE           ?PR?MAIN?IDE_51_MAIN_REV6
001E2DH   002091H   000265H   BYTE   UNIT     CODE           ?PR?ATADRIVEINIT?IDE_51_MAIN_REV6
002092H   0022C6H   000235H   BYTE   UNIT     CODE           ?PR?_STRTOL?STRTOL
0022C7H   00248EH   0001C8H   BYTE   UNIT     CODE           ?PR?_ATAREADSECTORS?IDE_51_MAIN_REV6
00248FH   002651H   0001C3H   BYTE   UNIT     CODE           ?PR?REPORTBUFFERS?IDE_51_MAIN_REV6
002652H   002802H   0001B1H   BYTE   UNIT     CODE           ?PR?_RPRINTFNUM?RPRINTF
002803H   0029A9H   0001A7H   BYTE   UNIT     CODE           ?PR?_FATNEXTCLUSTER?FAT
0029AAH   002AC7H   00011EH   BYTE   UNIT     CODE           ?PR?_IDE_SECTORDWORD?FAT
002AC8H   002BCCH   000105H   BYTE   UNIT     CODE           ?PR?_ATAREADSECTORSLBA?IDE_51_MAIN_REV6
002BCDH   002C72H   0000A6H   BYTE   UNIT     CODE           ?PR?_ATAREADSECTORSCHS?IDE_51_MAIN_REV6
002C73H   002D18H   0000A6H   BYTE   UNIT     CODE           ?PR?_RPRINTFSTRLEN?RPRINTF
002D19H   002DADH   000095H   BYTE   UNIT     CODE           ?PR?_FATLOADCLUSTER?FAT
002DAEH   002E3FH   000092H   BYTE   UNIT     CODE           ?PR?_FATCLUSTTOSECT?FAT
002E40H   002ECDH   00008EH   BYTE   UNIT     CODE           ?PR?REP_ALL_REG?IDE_51_MAIN_REV6
002ECEH   002F59H   00008CH   BYTE   UNIT     CODE           ?C_C51STARTUP
002F5AH   002FC7H   00006EH   BYTE   UNIT     CODE           ?PR?READHDDBUFFER?IDE_51_MAIN_REV6
002FC8H   003032H   00006BH   BYTE   UNIT     CODE           ?PR?_STRCAT?STRCAT
003033H   003098H   000066H   BYTE   UNIT     CODE           ?PR?_IDE_SECTORWORD?FAT
003099H   0030DBH   000043H   BYTE   UNIT     CODE           ?PR?_RPRINTFSTR?RPRINTF
0030DCH   003113H   000038H   BYTE   UNIT     CODE           ?PR?_RPRINTFPROGSTR?RPRINTF
003114H   003149H   000036H   BYTE   UNIT     CODE           ?PR?_ATAREADDATABUFFER?IDE_51_MAIN_REV6
00314AH   003175H   00002CH   BYTE   UNIT     CODE           ?PR?RXDRECEIVE?IDE_51_MAIN_REV6
003176H   00319EH   000029H   BYTE   UNIT     CODE           ?PR?_ATAWRITEREGISTER?IDE_51_MAIN_REV6
00319FH   0031C7H   000029H   BYTE   UNIT     CODE           ?PR?_RPRINTFU32?RPRINTF
0031C8H   0031E7H   000020H   BYTE   UNIT     CODE           ?PR?_ATASTATUSWAIT?IDE_51_MAIN_REV6
0031E8H   003200H   000019H   BYTE   UNIT     CODE           ?PR?_RPRINTFU16?RPRINTF
003201H   003216H   000016H   BYTE   UNIT     CODE           ?PR?_ISDIGIT?RPRINTF
003217H   00322BH   000015H   BYTE   UNIT     CODE           ?PR?_RPRINTFU08?RPRINTF
00322CH   00323FH   000014H   BYTE   UNIT     CODE           ?C_INITSEG
003240H   003252H   000013H   BYTE   UNIT     CODE           ?PR?WAIT_ATA_READY?IDE_51_MAIN_REV6
003253H   003263H   000011H   BYTE   UNIT     CODE           ?PR?INIT_SERIAL?IDE_51_MAIN_REV6
003264H   003272H   00000FH   BYTE   UNIT     CODE           ?PR?_DELAY?IDE_51_MAIN_REV6
003273H   00327EH   00000CH   BYTE   UNIT     CODE           ?PR?_READ_ATA_REG?IDE_51_MAIN_REV6
00327FH   00328AH   00000CH   BYTE   UNIT     CODE           ?PR?FATGETFILENAME?FAT
00328BH   003296H   00000CH   BYTE   UNIT     CODE           ?PR?FATGETDIRNAME?FAT
003297H   0032A1H   00000BH   BYTE   UNIT     CODE           ?PR?_RPRINTFU04?RPRINTF
0032A2H   0032ABH   00000AH   BYTE   UNIT     CODE           ?PR?RPRINTFCRLF?RPRINTF
0032ACH   0032B3H   000008H   BYTE   UNIT     CODE           ?PR?_PUTCHAR?IDE_51_MAIN_REV6
0032B4H   0032BBH   000008H   BYTE   UNIT     CODE           ?PR?FATCLUSTERSIZE?FAT
0032BCH   0032C1H   000006H   BYTE   UNIT     CODE           ?PR?FATGETFILESIZE?FAT
0032C2H   0032C5H   000004H   BYTE   UNIT     CODE           ?PR?_ATAREADBYTE?IDE_51_MAIN_REV6
0032C6H   0032C9H   000004H   BYTE   UNIT     CODE           ?PR?_ATAREADREGISTER?IDE_51_MAIN_REV6
0032CAH   0032CCH   000003H   BYTE   UNIT     CODE           ?PR?_ATAWRITEBYTE?IDE_51_MAIN_REV6
0032CDH   0032DDH   000011H   BYTE   UNIT     CONST          ?CO?RPRINTF

* * * * * * * * * * *  X D A T A   M E M O R Y  * * * * * * * * * * * * *
000000H   000201H   000202H   BYTE   UNIT     XDATA          ?XD?IDE_51_MAIN_REV6
000202H   0002AEH   0000ADH   BYTE   UNIT     XDATA          ?XD?FAT
0002AFH   0002DEH   000030H   BYTE   UNIT     XDATA          ?XD?_RPRINTFNUM?RPRINTF
0002DFH   000306H   000028H   BYTE   UNIT     XDATA          ?XD?PRINTF?PRINTF
000307H   00031EH   000018H   BYTE   UNIT     XDATA          ?XD?_FATNEXTCLUSTER?FAT
00031FH   000335H   000017H   BYTE   UNIT     XDATA          ?XD?_FATGETDIRENTRY?FAT
LX51 LINKER/LOCATER V4.05                                                             12/23/2006  00:34:02  PAGE 4


000336H   000349H   000014H   BYTE   UNIT     XDATA          ?XD?_IDE_SECTORDWORD?FAT
00034AH   00035CH   000013H   BYTE   UNIT     XDATA          ?XD?MAIN?IDE_51_MAIN_REV6
00035DH   00036DH   000011H   BYTE   UNIT     XDATA          ?XD?_ATAREADSECTORS?IDE_51_MAIN_REV6
00036EH   00037BH   00000EH   BYTE   UNIT     XDATA          ?XD?_STRTOL?STRTOL
00037CH   000386H   00000BH   BYTE   UNIT     XDATA          ?XD?_ATAREADSECTORSCHS?IDE_51_MAIN_REV6
000387H   000390H   00000AH   BYTE   UNIT     XDATA          ?XD?_ATAREADSECTORSLBA?IDE_51_MAIN_REV6
000391H   000399H   000009H   BYTE   UNIT     XDATA          ?XD?_RPRINTFSTRLEN?RPRINTF
00039AH   0003A2H   000009H   BYTE   UNIT     XDATA          ?XD?_STRCAT?STRCAT
0003A3H   0003A9H   000007H   BYTE   UNIT     XDATA          ?XD?_FATLOADCLUSTER?FAT
0003AAH   0003AFH   000006H   BYTE   UNIT     XDATA          ?XD?REPORTBUFFERS?IDE_51_MAIN_REV6
0003B0H   0003B3H   000004H   BYTE   UNIT     XDATA          ?XD?_FATCLUSTTOSECT?FAT
0003B4H   0003B7H   000004H   BYTE   UNIT     XDATA          ?XD?_FATINIT?FAT
0003B8H   0003BBH   000004H   BYTE   UNIT     XDATA          ?XD?_RPRINTFPROGSTR?RPRINTF
0003BCH   0003BFH   000004H   BYTE   UNIT     XDATA          ?XD?_RPRINTFU32?RPRINTF
0003C0H   0003C2H   000003H   BYTE   UNIT     XDATA          ?XD?ATADRIVEINIT?IDE_51_MAIN_REV6
0003C3H   0003C5H   000003H   BYTE   UNIT     XDATA          ?XD?_RPRINTFSTR?RPRINTF
0003C6H   0003C7H   000002H   BYTE   UNIT     XDATA          ?XD?_ATAREADDATABUFFER?IDE_51_MAIN_REV6
0003C8H   0003C9H   000002H   BYTE   UNIT     XDATA          ?XD?_ATASTATUSWAIT?IDE_51_MAIN_REV6
0003CAH   0003CBH   000002H   BYTE   UNIT     XDATA          ?XD?READHDDBUFFER?IDE_51_MAIN_REV6
0003CCH   0003CDH   000002H   BYTE   UNIT     XDATA          ?XD?_ATAWRITEREGISTER?IDE_51_MAIN_REV6
0003CEH   0003CFH   000002H   BYTE   UNIT     XDATA          ?XD?_RPRINTFU16?RPRINTF
0003D0H   0003D0H   000001H   BYTE   UNIT     XDATA          ?XD?_RPRINTFU08?RPRINTF



PUBLIC SYMBOLS OF MODULE:  IDE-51 (?C_STARTUP)


      VALUE       CLASS    TYPE      PUBLIC SYMBOL NAME
      =================================================
      0200035DH   XDATA    BYTE      ?_ataReadSectors?BYTE
      0200037CH   XDATA    BYTE      ?_ataReadSectorsCHS?BYTE
      02000387H   XDATA    BYTE      ?_ataReadSectorsLBA?BYTE
      020002DFH   XDATA    ---       ?_PRINTF517?BYTE
      020002DFH   XDATA    ---       ?_PRINTF?BYTE
      020002AFH   XDATA    BYTE      ?_rprintfNum?BYTE
      02000391H   XDATA    BYTE      ?_rprintfStrLen?BYTE
      020002DFH   XDATA    ---       ?_SPRINTF517?BYTE
      020002DFH   XDATA    ---       ?_SPRINTF?BYTE
      0200039AH   XDATA    ---       ?_strcat?BYTE
      0200036EH   XDATA    ---       ?_strtol?BYTE
      01000C2DH   CODE     ---       ?C?CCASE
      0100076AH   CODE     ---       ?C?CLDOPTR
      01000751H   CODE     ---       ?C?CLDPTR
      00000000H   NUMBER   ---       ?C?CODESEG
      0100072BH   CODE     ---       ?C?COPY
      01000797H   CODE     ---       ?C?CSTPTR
      010007BBH   CODE     ---       ?C?IILDX
      010007D1H   CODE     ---       ?C?ILDIX
      01000812H   CODE     ---       ?C?ILDOPTR
      010007E7H   CODE     ---       ?C?ILDPTR
      010007A9H   CODE     ---       ?C?IMUL
      01000BAEH   CODE     ---       ?C?LLDCODE
      01000A12H   CODE     ---       ?C?LLDIDATA
      01000A1EH   CODE     ---       ?C?LLDIDATA0
      01000A34H   CODE     ---       ?C?LLDIIDATA
      01000A2BH   CODE     ---       ?C?LLDIIDATA1
      01000A2DH   CODE     ---       ?C?LLDIIDATA8
      010009E2H   CODE     ---       ?C?LLDOPTR
      01000BA2H   CODE     ---       ?C?LLDPDATA
      010009C2H   CODE     ---       ?C?LLDPTR
      01000B96H   CODE     ---       ?C?LLDXDATA
      0100084AH   CODE     ---       ?C?LMUL
      01000967H   CODE     ---       ?C?LNEG
      010009AFH   CODE     ---       ?C?LSHL
LX51 LINKER/LOCATER V4.05                                                             12/23/2006  00:34:02  PAGE 5


      01000A4BH   CODE     ---       ?C?LSTIDATA
      01000A63H   CODE     ---       ?C?LSTKIDATA
      01000A7CH   CODE     ---       ?C?LSTKXDATA
      01000A57H   CODE     ---       ?C?LSTXDATA
      01000BBEH   CODE     ---       ?C?PLDIXDATA
      01000C53H   CODE     ---       ?C?PSTIDATA
      01000C5CH   CODE     ---       ?C?PSTPDATA
      01000BDEH   CODE     ---       ?C?PSTPTR
      01000BD5H   CODE     ---       ?C?PSTXDATA
      01000975H   CODE     ---       ?C?SLCMP
      01000B79H   CODE     ---       ?C?STRCPY
      0100098BH   CODE     ---       ?C?ULCMP
      010008D5H   CODE     ---       ?C?ULDIV
      0100099CH   CODE     ---       ?C?ULSHR
      00000000H   NUMBER   ---       ?C?XDATASEG
      01002F15H   CODE     ---       ?C_START
      01000000H   CODE     NEAR LAB  ?C_STARTUP
      010032C2H   CODE     ---       _ataReadByte
      01003114H   CODE     ---       _ataReadDataBuffer
      010032C6H   CODE     ---       _AtaReadRegister
      010022C7H   CODE     ---       _ataReadSectors
      01002BCDH   CODE     ---       _ataReadSectorsCHS
      01002AC8H   CODE     ---       _ataReadSectorsLBA
      010031CCH   CODE     ---       _ataStatusWait
      010032CAH   CODE     ---       _ataWriteByte
      01003176H   CODE     ---       _AtaWriteRegister
      01003268H   CODE     ---       _delay
      01002DAEH   CODE     ---       _fatClustToSect
      01000026H   CODE     ---       _fatGetDirEntry
      01000C65H   CODE     ---       _fatInit
      01002D19H   CODE     ---       _fatLoadCluster
      01002803H   CODE     ---       _fatNextCluster
      010029BBH   CODE     ---       _IDE_SectorDWORD
      01003047H   CODE     ---       _IDE_SectorWORD
      01003201H   CODE     ---       _Isdigit
      01001593H   CODE     ---       _PRINTF
      01001593H   CODE     ---       _PRINTF517
      010032ACH   CODE     ---       _putchar
      01003273H   CODE     ---       _READ_ATA_REG
      01002652H   CODE     ---       _rprintfNum
      010030DCH   CODE     ---       _rprintfProgStr
      01003099H   CODE     ---       _rprintfStr
      01002C73H   CODE     ---       _rprintfStrLen
      01003297H   CODE     ---       _rprintfu04
      01003217H   CODE     ---       _rprintfu08
      010031E8H   CODE     ---       _rprintfu16
      0100319FH   CODE     ---       _rprintfu32
      0100158DH   CODE     ---       _SPRINTF
      0100158DH   CODE     ---       _SPRINTF517
      01002FC8H   CODE     ---       _strcat
      01002092H   CODE     ---       _strtol
*SFR* 00000090H   DATA     BIT       A0
*SFR* 00000090H.1 DATA     BIT       A1
*SFR* 00000090H.2 DATA     BIT       A2
*SFR* 000000D0H.6 DATA     BIT       AC
*SFR* 000000E0H   DATA     BYTE      ACC
*SFR* 000000F6H   DATA     BYTE      ADCF
*SFR* 000000F2H   DATA     BYTE      ADCLK
*SFR* 000000F3H   DATA     BYTE      ADCON
*SFR* 000000F5H   DATA     BYTE      ADDH
*SFR* 000000F4H   DATA     BYTE      ADDL
      01000006H   CODE     ---       ataDiskErr
      00000044H   IDATA    ---       ataDriveInfo
      01001E2DH   CODE     ---       ataDriveInit
      00000022H   IDATA    ---       Aux_Data
LX51 LINKER/LOCATER V4.05                                                             12/23/2006  00:34:02  PAGE 6


*SFR* 0000008EH   DATA     BYTE      AUXR
*SFR* 000000A2H   DATA     BYTE      AUXR1
*SFR* 000000F0H   DATA     BYTE      B
      02000288H   XDATA    WORD      baseentry
      00000076H   IDATA    ---       buffer
      00000042H   IDATA    BYTE      Bytes_write
      00000085H   IDATA    WORD      BytesPerSector
*SFR* 000000C8H.1 DATA     BIT       C_T2
*SFR* 000000FAH   DATA     BYTE      CCAP0H
*SFR* 000000EAH   DATA     BYTE      CCAP0L
*SFR* 000000FBH   DATA     BYTE      CCAP1H
*SFR* 000000EBH   DATA     BYTE      CCAP1L
*SFR* 000000FCH   DATA     BYTE      CCAP2H
*SFR* 000000ECH   DATA     BYTE      CCAP2L
*SFR* 000000FDH   DATA     BYTE      CCAP3H
*SFR* 000000EDH   DATA     BYTE      CCAP3L
*SFR* 000000FEH   DATA     BYTE      CCAP4H
*SFR* 000000EEH   DATA     BYTE      CCAP4L
*SFR* 000000DAH   DATA     BYTE      CCAPM0
*SFR* 000000DBH   DATA     BYTE      CCAPM1
*SFR* 000000DCH   DATA     BYTE      CCAPM2
*SFR* 000000DDH   DATA     BYTE      CCAPM3
*SFR* 000000DEH   DATA     BYTE      CCAPM4
*SFR* 000000D8H   DATA     BIT       CCF0
*SFR* 000000D8H.1 DATA     BIT       CCF1
*SFR* 000000D8H.2 DATA     BIT       CCF2
*SFR* 000000D8H.3 DATA     BIT       CCF3
*SFR* 000000D8H.4 DATA     BIT       CCF4
*SFR* 000000D8H   DATA     BYTE      CCON
*SFR* 000000D8H.7 DATA     BIT       CF
*SFR* 000000F9H   DATA     BYTE      CH
*SFR* 0000008FH   DATA     BYTE      CKCON
*SFR* 000000E9H   DATA     BYTE      CL
*SFR* 000000D9H   DATA     BYTE      CMOD
*SFR* 000000C8H   DATA     BIT       CP_RL2
*SFR* 000000D8H.6 DATA     BIT       CR
*SFR* 00000090H.3 DATA     BIT       CS0n
*SFR* 00000090H.4 DATA     BIT       CS1n
*SFR* 000000D0H.7 DATA     BIT       CY
      02000202H   XDATA    ---       DirBuffer
      02000282H   XDATA    ---       DirNameBuffer
*SFR* 00000083H   DATA     BYTE      DPH
*SFR* 00000082H   DATA     BYTE      DPL
*SFR* 000000A8H.7 DATA     BIT       EA
*SFR* 000000E8H.1 DATA     BIT       EADC
*SFR* 000000A8H.6 DATA     BIT       EC
*SFR* 000000D2H   DATA     BYTE      EECON
      0200028AH   XDATA    WORD      entrycount
*SFR* 000000A8H.4 DATA     BIT       ES
*SFR* 000000A8H.1 DATA     BIT       ET0
*SFR* 000000A8H.3 DATA     BIT       ET1
*SFR* 000000A8H.5 DATA     BIT       ET2
*SFR* 000000A8H   DATA     BIT       EX0
*SFR* 000000A8H.2 DATA     BIT       EX1
*SFR* 000000C8H.3 DATA     BIT       EXEN2
*SFR* 000000C8H.6 DATA     BIT       EXF2
*SFR* 000000D0H.5 DATA     BIT       F0
      0000009BH   IDATA    BYTE      Fat32Enabled
      010032B4H   CODE     ---       fatClusterSize
      0100328BH   CODE     ---       fatGetDirname
      0100327FH   CODE     ---       fatGetFilename
      010032BCH   CODE     ---       fatGetFilesize
      00000097H   IDATA    DWORD     FatInCache
*SFR* 000000D1H   DATA     BYTE      FCON
*SFR* 00000098H.7 DATA     BIT       FE
LX51 LINKER/LOCATER V4.05                                                             12/23/2006  00:34:02  PAGE 7


      0000007DH   IDATA    DWORD     FileSize
      000000A2H   IDATA    DWORD     FirstDataSector
      00000081H   IDATA    DWORD     FirstDirSector
      0000009CH   IDATA    DWORD     FirstFATSector
      02000200H   XDATA    ---       g_AtaDevConfig
*SFR* 00000088H.1 DATA     BIT       IE0
*SFR* 00000088H.3 DATA     BIT       IE1
*SFR* 000000A8H   DATA     BYTE      IEN0
*SFR* 000000E8H   DATA     BYTE      IEN1
      01003253H   CODE     ---       Init_serial
*SFR* 000000B0H.2 DATA     BIT       INT0
      01000022H   CODE     ---       int0_isr
*SFR* 000000B0H.3 DATA     BIT       INT1
*SFR* 000000B7H   DATA     BYTE      IPH0
*SFR* 000000F7H   DATA     BYTE      IPH1
*SFR* 000000B8H   DATA     BYTE      IPL0
*SFR* 000000F8H   DATA     BYTE      IPL1
*SFR* 00000088H   DATA     BIT       IT0
*SFR* 00000088H.2 DATA     BIT       IT1
      0200028CH   XDATA    ---       LongBuffer
      020002ACH   XDATA    ---       LongNameBuffer
      01001BBDH   CODE     ---       main
*SFR* 000000D0H.2 DATA     BIT       OV
*SFR* 000000D0H   DATA     BIT       P
*SFR* 00000080H   DATA     BYTE      P0
*SFR* 00000090H   DATA     BYTE      P1
*SFR* 00000090H   DATA     BIT       P1_0
*SFR* 00000090H.1 DATA     BIT       P1_1
*SFR* 00000090H.2 DATA     BIT       P1_2
*SFR* 00000090H.3 DATA     BIT       P1_3
*SFR* 00000090H.4 DATA     BIT       P1_4
*SFR* 00000090H.5 DATA     BIT       P1_5
*SFR* 00000090H.6 DATA     BIT       P1_6
*SFR* 00000090H.7 DATA     BIT       P1_7
*SFR* 000000A0H   DATA     BYTE      P2
*SFR* 000000A0H   DATA     BIT       P2_0
*SFR* 000000A0H.1 DATA     BIT       P2_1
*SFR* 000000A0H.2 DATA     BIT       P2_2
*SFR* 000000A0H.3 DATA     BIT       P2_3
*SFR* 000000A0H.4 DATA     BIT       P2_4
*SFR* 000000A0H.5 DATA     BIT       P2_5
*SFR* 000000A0H.6 DATA     BIT       P2_6
*SFR* 000000A0H.7 DATA     BIT       P2_7
*SFR* 000000B0H   DATA     BYTE      P3
*SFR* 000000B0H   DATA     BIT       P3_0
*SFR* 000000B0H.1 DATA     BIT       P3_1
*SFR* 000000B0H.2 DATA     BIT       P3_2
*SFR* 000000B0H.3 DATA     BIT       P3_3
*SFR* 000000B0H.4 DATA     BIT       P3_4
*SFR* 000000B0H.5 DATA     BIT       P3_5
*SFR* 000000B0H.6 DATA     BIT       P3_6
*SFR* 000000B0H.7 DATA     BIT       P3_7
*SFR* 000000C0H   DATA     BYTE      P4
      00000087H   IDATA    ---       PartInfo
*SFR* 00000087H   DATA     BYTE      PCON
*SFR* 000000A0H   DATA     BYTE      PPAGE_SFR
*SFR* 000000D0H   DATA     BYTE      PSW
*SFR* 00000098H.2 DATA     BIT       RB8
*SFR* 000000CBH   DATA     BYTE      RCAP2H
*SFR* 000000CAH   DATA     BYTE      RCAP2L
*SFR* 000000C8H.5 DATA     BIT       RCLK
*SFR* 000000B0H.7 DATA     BIT       RD
*SFR* 00000090H.6 DATA     BIT       RDn
      01002F5AH   CODE     ---       ReadHDDBuffer
*SFR* 00000098H.4 DATA     BIT       REN
LX51 LINKER/LOCATER V4.05                                                             12/23/2006  00:34:02  PAGE 8


      01002E40H   CODE     ---       rep_all_reg
      0100248FH   CODE     ---       reportbuffers
*SFR* 00000090H.7 DATA     BIT       RESETn
*SFR* 00000098H   DATA     BIT       RI
      010032A2H   CODE     ---       rprintfCRLF
*SFR* 000000D0H.3 DATA     BIT       RS0
*SFR* 000000D0H.4 DATA     BIT       RS1
*SFR* 000000B0H   DATA     BIT       RXD
      0100314AH   CODE     ---       RxdReceive
*SFR* 000000A9H   DATA     BYTE      SADDR
*SFR* 000000B9H   DATA     BYTE      SADEN
*SFR* 00000099H   DATA     BYTE      SBUF
*SFR* 00000098H   DATA     BYTE      SCON
      02000285H   XDATA    ---       SectorBuffer
      02000000H   XDATA    ---       sectordata
      000000A0H   IDATA    WORD      SectorsPerCluster
*SFR* 00000098H.7 DATA     BIT       SM0
*SFR* 00000098H.6 DATA     BIT       SM1
*SFR* 00000098H.5 DATA     BIT       SM2
*SFR* 00000081H   DATA     BYTE      SP
*SFR* 000000B0H.4 DATA     BIT       T0
*SFR* 000000B0H.5 DATA     BIT       T1
*SFR* 000000C8H   DATA     BYTE      T2CON
*SFR* 000000C9H   DATA     BYTE      T2MOD
*SFR* 00000098H.3 DATA     BIT       TB8
*SFR* 000000C8H.4 DATA     BIT       TCLK
*SFR* 00000088H   DATA     BYTE      TCON
*SFR* 00000088H.5 DATA     BIT       TF0
*SFR* 00000088H.7 DATA     BIT       TF1
*SFR* 000000C8H.7 DATA     BIT       TF2
*SFR* 0000008CH   DATA     BYTE      TH0
*SFR* 0000008DH   DATA     BYTE      TH1
*SFR* 000000CDH   DATA     BYTE      TH2
*SFR* 00000098H.1 DATA     BIT       TI
*SFR* 0000008AH   DATA     BYTE      TL0
*SFR* 0000008BH   DATA     BYTE      TL1
*SFR* 000000CCH   DATA     BYTE      TL2
*SFR* 00000089H   DATA     BYTE      TMOD
*SFR* 00000088H.4 DATA     BIT       TR0
*SFR* 00000088H.6 DATA     BIT       TR1
*SFR* 000000C8H.2 DATA     BIT       TR2
*SFR* 000000C0H   DATA     BIT       tstbit
*SFR* 000000B0H.1 DATA     BIT       TXD
*SFR* 000000D0H.1 DATA     BIT       UD
      01003240H   CODE     ---       wait_ATA_ready
*SFR* 000000A7H   DATA     BYTE      WDTPRG
*SFR* 000000A6H   DATA     BYTE      WDTRST
      00000043H   IDATA    BYTE      word_counter
*SFR* 000000B0H.6 DATA     BIT       WR
*SFR* 00000090H.5 DATA     BIT       WRn



SYMBOL TABLE OF MODULE:  IDE-51 (?C_STARTUP)

      VALUE       REP       CLASS    TYPE      SYMBOL NAME
      ====================================================
      ---         MODULE    ---      ---       ?C_STARTUP
      01000000H   PUBLIC    CODE     NEAR LAB  ?C_STARTUP
      000000E0H   SFRSYM    DATA     BYTE      ACC
      000000F0H   SFRSYM    DATA     BYTE      B
      00000083H   SFRSYM    DATA     BYTE      DPH
      00000082H   SFRSYM    DATA     BYTE      DPL
      000000A0H   SFRSYM    DATA     BYTE      PPAGE_SFR
      00000081H   SFRSYM    DATA     BYTE      SP
LX51 LINKER/LOCATER V4.05                                                             12/23/2006  00:34:02  PAGE 9


      00000000H   SYMBOL    NUMBER   ---       IBPSTACK
      00000100H   SYMBOL    NUMBER   ---       IBPSTACKTOP
      00000080H   SYMBOL    NUMBER   ---       IDATALEN
      01002ED1H   SYMBOL    CODE     NEAR LAB  IDATALOOP
      00000000H   SYMBOL    NUMBER   ---       PBPSTACK
      00000100H   SYMBOL    NUMBER   ---       PBPSTACKTOP
      00000000H   SYMBOL    NUMBER   ---       PDATALEN
      00000000H   SYMBOL    NUMBER   ---       PDATASTART
      00000000H   SYMBOL    NUMBER   ---       PPAGE
      00000000H   SYMBOL    NUMBER   ---       PPAGEENABLE
      01002ECEH   SYMBOL    CODE     NEAR LAB  STARTUP1
      00000000H   SYMBOL    NUMBER   ---       XBPSTACK
      00010000H   SYMBOL    NUMBER   ---       XBPSTACKTOP
      00000000H   SYMBOL    NUMBER   ---       XDATALEN
      00000000H   SYMBOL    NUMBER   ---       XDATASTART

      01000000H   BLOCK     CODE     NEAR LAB  LVL=0
      01000000H   LINE      CODE     ---       #126
      ---         BLOCKEND  ---      ---       LVL=0

      01002ECEH   BLOCK     CODE     NEAR LAB  LVL=0
      01002ECEH   LINE      CODE     ---       #133
      01002ED0H   LINE      CODE     ---       #134
      01002ED1H   LINE      CODE     ---       #135
      01002ED2H   LINE      CODE     ---       #136
      01002ED4H   LINE      CODE     ---       #185
      01002ED7H   LINE      CODE     ---       #196
      ---         BLOCKEND  ---      ---       LVL=0

      ---         MODULE    ---      ---       IDE_51_MAIN_REV6
      00000076H   PUBLIC    IDATA    ---       buffer
      02000200H   PUBLIC    XDATA    ---       g_AtaDevConfig
      00000044H   PUBLIC    IDATA    ---       ataDriveInfo
      02000000H   PUBLIC    XDATA    ---       sectordata
      00000043H   PUBLIC    IDATA    BYTE      word_counter
      00000042H   PUBLIC    IDATA    BYTE      Bytes_write
      00000022H   PUBLIC    IDATA    ---       Aux_Data
      0100314AH   PUBLIC    CODE     ---       RxdReceive
      010032ACH   PUBLIC    CODE     ---       _putchar
      01003253H   PUBLIC    CODE     ---       Init_serial
      01003268H   PUBLIC    CODE     ---       _delay
      01003273H   PUBLIC    CODE     ---       _READ_ATA_REG
      01002E40H   PUBLIC    CODE     ---       rep_all_reg
      01003240H   PUBLIC    CODE     ---       wait_ATA_ready
      01003176H   PUBLIC    CODE     ---       _AtaWriteRegister
      010032C6H   PUBLIC    CODE     ---       _AtaReadRegister
      01000022H   PUBLIC    CODE     ---       int0_isr
      01002F5AH   PUBLIC    CODE     ---       ReadHDDBuffer
      0100248FH   PUBLIC    CODE     ---       reportbuffers
      01001E2DH   PUBLIC    CODE     ---       ataDriveInit
      010031CCH   PUBLIC    CODE     ---       _ataStatusWait
      010032CAH   PUBLIC    CODE     ---       _ataWriteByte
      010032C2H   PUBLIC    CODE     ---       _ataReadByte
      01000006H   PUBLIC    CODE     ---       ataDiskErr
      01003114H   PUBLIC    CODE     ---       _ataReadDataBuffer
      02000387H   PUBLIC    XDATA    BYTE      ?_ataReadSectorsLBA?BYTE
      01002AC8H   PUBLIC    CODE     ---       _ataReadSectorsLBA
      0200035DH   PUBLIC    XDATA    BYTE      ?_ataReadSectors?BYTE
      010022C7H   PUBLIC    CODE     ---       _ataReadSectors
      0200037CH   PUBLIC    XDATA    BYTE      ?_ataReadSectorsCHS?BYTE
      01002BCDH   PUBLIC    CODE     ---       _ataReadSectorsCHS
      01001BBDH   PUBLIC    CODE     ---       main
      000000D8H.2 SFRSYM    DATA     BIT       CCF2
      000000D8H.3 SFRSYM    DATA     BIT       CCF3
      00000080H   SFRSYM    DATA     BYTE      P0
LX51 LINKER/LOCATER V4.05                                                             12/23/2006  00:34:02  PAGE 10


      000000D8H.4 SFRSYM    DATA     BIT       CCF4
      00000090H   SFRSYM    DATA     BYTE      P1
      000000A0H   SFRSYM    DATA     BYTE      P2
      000000B0H   SFRSYM    DATA     BYTE      P3
      000000D0H.6 SFRSYM    DATA     BIT       AC
      000000C0H   SFRSYM    DATA     BYTE      P4
      000000B0H.4 SFRSYM    DATA     BIT       T0
      00000090H.6 SFRSYM    DATA     BIT       RDn
      000000B0H.5 SFRSYM    DATA     BIT       T1
      000000A8H.7 SFRSYM    DATA     BIT       EA
      000000A8H.6 SFRSYM    DATA     BIT       EC
      000000D8H.7 SFRSYM    DATA     BIT       CF
      000000F9H   SFRSYM    DATA     BYTE      CH
      00000098H.7 SFRSYM    DATA     BIT       FE
      000000A8H   SFRSYM    DATA     BYTE      IEN0
      000000E8H.1 SFRSYM    DATA     BIT       EADC
      000000E8H   SFRSYM    DATA     BYTE      IEN1
      000000E9H   SFRSYM    DATA     BYTE      CL
      000000F6H   SFRSYM    DATA     BYTE      ADCF
      000000FAH   SFRSYM    DATA     BYTE      CCAP0H
      00000090H   SFRSYM    DATA     BIT       P1_0
      000000FBH   SFRSYM    DATA     BYTE      CCAP1H
      000000B7H   SFRSYM    DATA     BYTE      IPH0
      000000F5H   SFRSYM    DATA     BYTE      ADDH
      000000A0H   SFRSYM    DATA     BIT       P2_0
      00000090H.1 SFRSYM    DATA     BIT       P1_1
      000000FCH   SFRSYM    DATA     BYTE      CCAP2H
      000000F7H   SFRSYM    DATA     BYTE      IPH1
      000000B0H   SFRSYM    DATA     BIT       P3_0
      000000A0H.1 SFRSYM    DATA     BIT       P2_1
      00000090H.2 SFRSYM    DATA     BIT       P1_2
      000000FDH   SFRSYM    DATA     BYTE      CCAP3H
      000000B0H.1 SFRSYM    DATA     BIT       P3_1
      000000A0H.2 SFRSYM    DATA     BIT       P2_2
      00000090H.3 SFRSYM    DATA     BIT       P1_3
      000000FEH   SFRSYM    DATA     BYTE      CCAP4H
      000000EAH   SFRSYM    DATA     BYTE      CCAP0L
      000000D8H.6 SFRSYM    DATA     BIT       CR
      000000B0H.2 SFRSYM    DATA     BIT       P3_2
      000000A0H.3 SFRSYM    DATA     BIT       P2_3
      00000090H.4 SFRSYM    DATA     BIT       P1_4
      000000EBH   SFRSYM    DATA     BYTE      CCAP1L
      000000DAH   SFRSYM    DATA     BYTE      CCAPM0
      000000B8H   SFRSYM    DATA     BYTE      IPL0
      000000F4H   SFRSYM    DATA     BYTE      ADDL
      000000C8H.6 SFRSYM    DATA     BIT       EXF2
      000000B0H.7 SFRSYM    DATA     BIT       RD
      000000B0H.3 SFRSYM    DATA     BIT       P3_3
      000000A0H.4 SFRSYM    DATA     BIT       P2_4
      00000090H.5 SFRSYM    DATA     BIT       P1_5
      000000ECH   SFRSYM    DATA     BYTE      CCAP2L
      000000DBH   SFRSYM    DATA     BYTE      CCAPM1
      000000F8H   SFRSYM    DATA     BYTE      IPL1
      000000B0H.4 SFRSYM    DATA     BIT       P3_4
      000000A0H.5 SFRSYM    DATA     BIT       P2_5
      00000090H.6 SFRSYM    DATA     BIT       P1_6
      00000090H.5 SFRSYM    DATA     BIT       WRn
      000000EDH   SFRSYM    DATA     BYTE      CCAP3L
      000000DCH   SFRSYM    DATA     BYTE      CCAPM2
      000000A8H.4 SFRSYM    DATA     BIT       ES
      000000B0H.5 SFRSYM    DATA     BIT       P3_5
      000000A0H.6 SFRSYM    DATA     BIT       P2_6
      00000090H.7 SFRSYM    DATA     BIT       P1_7
      000000EEH   SFRSYM    DATA     BYTE      CCAP4L
      000000DDH   SFRSYM    DATA     BYTE      CCAPM3
LX51 LINKER/LOCATER V4.05                                                             12/23/2006  00:34:02  PAGE 11


      000000D0H.1 SFRSYM    DATA     BIT       UD
      000000B0H.6 SFRSYM    DATA     BIT       P3_6
      000000A0H.7 SFRSYM    DATA     BIT       P2_7
      000000DEH   SFRSYM    DATA     BYTE      CCAPM4
      000000B0H.7 SFRSYM    DATA     BIT       P3_7
      00000098H   SFRSYM    DATA     BIT       RI
      000000D0H.7 SFRSYM    DATA     BIT       CY
      000000B0H.2 SFRSYM    DATA     BIT       INT0
      00000098H.1 SFRSYM    DATA     BIT       TI
      000000B0H.3 SFRSYM    DATA     BIT       INT1
      000000C0H   SFRSYM    DATA     BIT       tstbit
      000000CBH   SFRSYM    DATA     BYTE      RCAP2H
      00000081H   SFRSYM    DATA     BYTE      SP
      000000D9H   SFRSYM    DATA     BYTE      CMOD
      000000D8H   SFRSYM    DATA     BYTE      CCON
      000000D0H.2 SFRSYM    DATA     BIT       OV
      000000CAH   SFRSYM    DATA     BYTE      RCAP2L
      000000D1H   SFRSYM    DATA     BYTE      FCON
      000000C8H.1 SFRSYM    DATA     BIT       C_T2
      000000B0H.6 SFRSYM    DATA     BIT       WR
      000000C8H.5 SFRSYM    DATA     BIT       RCLK
      000000C8H.4 SFRSYM    DATA     BIT       TCLK
      00000099H   SFRSYM    DATA     BYTE      SBUF
      00000087H   SFRSYM    DATA     BYTE      PCON
      00000098H   SFRSYM    DATA     BYTE      SCON
      00000090H.3 SFRSYM    DATA     BIT       CS0n
      00000089H   SFRSYM    DATA     BYTE      TMOD
      00000088H   SFRSYM    DATA     BYTE      TCON
      00000090H.4 SFRSYM    DATA     BIT       CS1n
      00000088H.1 SFRSYM    DATA     BIT       IE0
      00000088H.3 SFRSYM    DATA     BIT       IE1
      0000008EH   SFRSYM    DATA     BYTE      AUXR
      000000F0H   SFRSYM    DATA     BYTE      B
      000000C8H   SFRSYM    DATA     BIT       CP_RL2
      000000E0H   SFRSYM    DATA     BYTE      ACC
      000000A8H.1 SFRSYM    DATA     BIT       ET0
      000000A8H.3 SFRSYM    DATA     BIT       ET1
      00000088H.5 SFRSYM    DATA     BIT       TF0
      000000A8H.5 SFRSYM    DATA     BIT       ET2
      00000088H.7 SFRSYM    DATA     BIT       TF1
      00000098H.2 SFRSYM    DATA     BIT       RB8
      0000008CH   SFRSYM    DATA     BYTE      TH0
      000000C8H.7 SFRSYM    DATA     BIT       TF2
      000000A8H   SFRSYM    DATA     BIT       EX0
      0000008DH   SFRSYM    DATA     BYTE      TH1
      00000088H   SFRSYM    DATA     BIT       IT0
      000000A8H.2 SFRSYM    DATA     BIT       EX1
      00000098H.3 SFRSYM    DATA     BIT       TB8
      000000CDH   SFRSYM    DATA     BYTE      TH2
      00000088H.2 SFRSYM    DATA     BIT       IT1
      000000D0H   SFRSYM    DATA     BIT       P
      00000098H.7 SFRSYM    DATA     BIT       SM0
      0000008AH   SFRSYM    DATA     BYTE      TL0
      00000098H.6 SFRSYM    DATA     BIT       SM1
      0000008BH   SFRSYM    DATA     BYTE      TL1
      00000098H.5 SFRSYM    DATA     BIT       SM2
      000000CCH   SFRSYM    DATA     BYTE      TL2
      000000D0H.3 SFRSYM    DATA     BIT       RS0
      00000088H.4 SFRSYM    DATA     BIT       TR0
      000000D0H.4 SFRSYM    DATA     BIT       RS1
      00000088H.6 SFRSYM    DATA     BIT       TR1
      000000C8H.2 SFRSYM    DATA     BIT       TR2
      000000A7H   SFRSYM    DATA     BYTE      WDTPRG
      00000083H   SFRSYM    DATA     BYTE      DPH
      000000F2H   SFRSYM    DATA     BYTE      ADCLK
LX51 LINKER/LOCATER V4.05                                                             12/23/2006  00:34:02  PAGE 12


      00000082H   SFRSYM    DATA     BYTE      DPL
      000000C8H.3 SFRSYM    DATA     BIT       EXEN2
      00000098H.4 SFRSYM    DATA     BIT       REN
      000000F3H   SFRSYM    DATA     BYTE      ADCON
      000000C9H   SFRSYM    DATA     BYTE      T2MOD
      000000C8H   SFRSYM    DATA     BYTE      T2CON
      000000A6H   SFRSYM    DATA     BYTE      WDTRST
      000000D2H   SFRSYM    DATA     BYTE      EECON
      000000B9H   SFRSYM    DATA     BYTE      SADEN
      000000B0H   SFRSYM    DATA     BIT       RXD
      000000A9H   SFRSYM    DATA     BYTE      SADDR
      0000008FH   SFRSYM    DATA     BYTE      CKCON
      00000090H   SFRSYM    DATA     BIT       A0
      000000B0H.1 SFRSYM    DATA     BIT       TXD
      00000090H.1 SFRSYM    DATA     BIT       A1
      00000090H.2 SFRSYM    DATA     BIT       A2
      000000A2H   SFRSYM    DATA     BYTE      AUXR1
      00000090H.7 SFRSYM    DATA     BIT       RESETn
      000000D0H.5 SFRSYM    DATA     BIT       F0
      000000D0H   SFRSYM    DATA     BYTE      PSW
      000000D8H   SFRSYM    DATA     BIT       CCF0
      000000D8H.1 SFRSYM    DATA     BIT       CCF1
      01001522H   SYMBOL    CODE     ---       _?ix1000

      01001BBDH   BLOCK     CODE     ---       LVL=0
      01001BBDH   BLOCK     CODE     NEAR LAB  LVL=1
      0200034AH   SYMBOL    XDATA    WORD      i
      0200034CH   SYMBOL    XDATA    LONG      reg
      02000350H   SYMBOL    XDATA    LONG      dat
      02000354H   SYMBOL    XDATA    ---       p
      02000357H   SYMBOL    XDATA    ---       s
      ---         BLOCKEND  ---      ---       LVL=1
      01001BBDH   LINE      CODE     ---       #21
      01001BBDH   LINE      CODE     ---       #22
      01001BBDH   LINE      CODE     ---       #23
      01001BC4H   LINE      CODE     ---       #26
      01001BD6H   LINE      CODE     ---       #28
      01001BD9H   LINE      CODE     ---       #29
      01001BDCH   LINE      CODE     ---       #32
      01001BDEH   LINE      CODE     ---       #33
      01001BE0H   LINE      CODE     ---       #35
      01001BE3H   LINE      CODE     ---       #38
      01001BE7H   LINE      CODE     ---       #39
      01001BF0H   LINE      CODE     ---       #40
      01001BF9H   LINE      CODE     ---       #41
      01001C02H   LINE      CODE     ---       #42
      01001C0BH   LINE      CODE     ---       #43
      01001C14H   LINE      CODE     ---       #44
      01001C1DH   LINE      CODE     ---       #45
      01001C26H   LINE      CODE     ---       #46
      01001C2FH   LINE      CODE     ---       #50
      01001C38H   LINE      CODE     ---       #51
      01001C41H   LINE      CODE     ---       #53
      01001C43H   LINE      CODE     ---       #54
      01001C46H   LINE      CODE     ---       #55
      01001C48H   LINE      CODE     ---       #56
      01001C4BH   LINE      CODE     ---       #57
      01001C4EH   LINE      CODE     ---       #59
      01001C51H   LINE      CODE     ---       #60
      01001C56H   LINE      CODE     ---       #61
      01001C60H   LINE      CODE     ---       #63
      01001C63H   LINE      CODE     ---       #77
      01001C66H   LINE      CODE     ---       #78
      01001C6FH   LINE      CODE     ---       #80
      01001C6FH   LINE      CODE     ---       #81
LX51 LINKER/LOCATER V4.05                                                             12/23/2006  00:34:02  PAGE 13


      01001C74H   LINE      CODE     ---       #82
      01001C74H   LINE      CODE     ---       #84
      01001C7BH   LINE      CODE     ---       #85
      01001C7BH   LINE      CODE     ---       #86
      01001C84H   LINE      CODE     ---       #87
      01001C88H   LINE      CODE     ---       #88
      01001C8BH   LINE      CODE     ---       #89
      01001C8DH   LINE      CODE     ---       #90
      01001C8FH   LINE      CODE     ---       #91
      01001C8FH   LINE      CODE     ---       #92
      01001C9BH   LINE      CODE     ---       #93
      01001C9BH   LINE      CODE     ---       #95
      01001C9BH   LINE      CODE     ---       #96
      01001C9BH   LINE      CODE     ---       #97
      01001C9FH   LINE      CODE     ---       #98
      01001C9FH   LINE      CODE     ---       #99
      01001CB5H   LINE      CODE     ---       #100
      01001CB9H   LINE      CODE     ---       #101
      01001CCAH   LINE      CODE     ---       #102
      01001CCAH   LINE      CODE     ---       #103
      01001CCAH   LINE      CODE     ---       #104
      01001CE5H   LINE      CODE     ---       #105
      01001CE5H   LINE      CODE     ---       #106
      01001CE5H   LINE      CODE     ---       #107
      01001CEBH   LINE      CODE     ---       #108
      01001CEEH   LINE      CODE     ---       #109
      01001CEEH   LINE      CODE     ---       #110
      01001CF7H   LINE      CODE     ---       #111
      01001CFEH   LINE      CODE     ---       #112
      01001D02H   LINE      CODE     ---       #113
      01001D23H   LINE      CODE     ---       #114
      01001D2AH   LINE      CODE     ---       #115
      01001D2EH   LINE      CODE     ---       #116
      01001D4FH   LINE      CODE     ---       #117
      01001D5DH   LINE      CODE     ---       #118
      01001D5FH   LINE      CODE     ---       #119
      01001D5FH   LINE      CODE     ---       #120
      01001D65H   LINE      CODE     ---       #122
      01001D68H   LINE      CODE     ---       #123
      01001D68H   LINE      CODE     ---       #124
      01001D6FH   LINE      CODE     ---       #125
      01001D73H   LINE      CODE     ---       #126
      01001D94H   LINE      CODE     ---       #127
      01001DA1H   LINE      CODE     ---       #128
      01001DA4H   LINE      CODE     ---       #130
      01001DA4H   LINE      CODE     ---       #131
      01001DAAH   LINE      CODE     ---       #132
      01001DACH   LINE      CODE     ---       #133
      01001DACH   LINE      CODE     ---       #134
      01001DACH   LINE      CODE     ---       #136
      01001DACH   LINE      CODE     ---       #137
      01001DC5H   LINE      CODE     ---       #138
      01001DC5H   LINE      CODE     ---       #139
      01001DC5H   LINE      CODE     ---       #140
      01001DCEH   LINE      CODE     ---       #141
      01001DD1H   LINE      CODE     ---       #142
      01001DD4H   LINE      CODE     ---       #143
      01001DD4H   LINE      CODE     ---       #144
      01001DDDH   LINE      CODE     ---       #145
      01001DE0H   LINE      CODE     ---       #146
      01001DE3H   LINE      CODE     ---       #147
      01001DE3H   LINE      CODE     ---       #148
      01001DE6H   LINE      CODE     ---       #149
      01001DE9H   LINE      CODE     ---       #150
      01001DE9H   LINE      CODE     ---       #151
LX51 LINKER/LOCATER V4.05                                                             12/23/2006  00:34:02  PAGE 14


      01001DEFH   LINE      CODE     ---       #152
      01001DF1H   LINE      CODE     ---       #153
      01001DF1H   LINE      CODE     ---       #154
      01001E01H   LINE      CODE     ---       #155
      01001E03H   LINE      CODE     ---       #156
      01001E03H   LINE      CODE     ---       #157
      01001E13H   LINE      CODE     ---       #158
      01001E15H   LINE      CODE     ---       #160
      01001E15H   LINE      CODE     ---       #161
      01001E1EH   LINE      CODE     ---       #162
      01001E21H   LINE      CODE     ---       #163
      01001E21H   LINE      CODE     ---       #164
      01001E21H   LINE      CODE     ---       #165
      01001E21H   LINE      CODE     ---       #166
      01001E2AH   LINE      CODE     ---       #167
      ---         BLOCKEND  ---      ---       LVL=0

      01002BCDH   BLOCK     CODE     ---       LVL=0
      0200037CH   SYMBOL    XDATA    BYTE      Drive
      0200037DH   SYMBOL    XDATA    BYTE      Head
      0200037EH   SYMBOL    XDATA    WORD      Track
      02000380H   SYMBOL    XDATA    BYTE      Sector
      02000381H   SYMBOL    XDATA    WORD      numsectors
      02000383H   SYMBOL    XDATA    ---       Buffer
      01002BDBH   BLOCK     CODE     NEAR LAB  LVL=1
      02000386H   SYMBOL    XDATA    BYTE      temp
      ---         BLOCKEND  ---      ---       LVL=1
      01002BCDH   LINE      CODE     ---       #174
      01002BDBH   LINE      CODE     ---       #180
      01002BDBH   LINE      CODE     ---       #184
      01002BE3H   LINE      CODE     ---       #194
      01002BFCH   LINE      CODE     ---       #195
      01002C06H   LINE      CODE     ---       #196
      01002C11H   LINE      CODE     ---       #197
      01002C1BH   LINE      CODE     ---       #198
      01002C26H   LINE      CODE     ---       #201
      01002C2DH   LINE      CODE     ---       #204
      01002C35H   LINE      CODE     ---       #206
      01002C38H   LINE      CODE     ---       #207
      01002C38H   LINE      CODE     ---       #208
      01002C41H   LINE      CODE     ---       #209
      01002C44H   LINE      CODE     ---       #210
      01002C44H   LINE      CODE     ---       #213
      01002C4BH   LINE      CODE     ---       #217
      01002C61H   LINE      CODE     ---       #220
      01002C6BH   LINE      CODE     ---       #222
      01002C72H   LINE      CODE     ---       #223
      ---         BLOCKEND  ---      ---       LVL=0

      010022C7H   BLOCK     CODE     ---       LVL=0
      0200035DH   SYMBOL    XDATA    BYTE      Drive
      0200035EH   SYMBOL    XDATA    DWORD     lba
      02000362H   SYMBOL    XDATA    WORD      numsectors
      02000364H   SYMBOL    XDATA    ---       Buffer
      010022CCH   BLOCK     CODE     NEAR LAB  LVL=1
      02000367H   SYMBOL    XDATA    WORD      cyl
      02000369H   SYMBOL    XDATA    WORD      head
      0200036BH   SYMBOL    XDATA    WORD      sect
      0200036DH   SYMBOL    XDATA    BYTE      temp
      ---         BLOCKEND  ---      ---       LVL=1
      010022C7H   LINE      CODE     ---       #225
      010022CCH   LINE      CODE     ---       #229
      010022CCH   LINE      CODE     ---       #233
      010022D4H   LINE      CODE     ---       #234
      010022D4H   LINE      CODE     ---       #236
LX51 LINKER/LOCATER V4.05                                                             12/23/2006  00:34:02  PAGE 15


      01002317H   LINE      CODE     ---       #239
      01002328H   LINE      CODE     ---       #240
      01002342H   LINE      CODE     ---       #241
      01002359H   LINE      CODE     ---       #243
      0100235CH   LINE      CODE     ---       #245
      0100235CH   LINE      CODE     ---       #257
      01002382H   LINE      CODE     ---       #258
      010023A5H   LINE      CODE     ---       #259
      010023C8H   LINE      CODE     ---       #260
      010023EBH   LINE      CODE     ---       #261
      010023FCH   LINE      CODE     ---       #264
      01002405H   LINE      CODE     ---       #265
      01002419H   LINE      CODE     ---       #266
      0100242BH   LINE      CODE     ---       #267
      01002437H   LINE      CODE     ---       #270
      0100247DH   LINE      CODE     ---       #271
      0100247DH   LINE      CODE     ---       #273
      01002480H   LINE      CODE     ---       #274
      01002486H   LINE      CODE     ---       #275
      01002489H   LINE      CODE     ---       #276
      0100248EH   LINE      CODE     ---       #277
      ---         BLOCKEND  ---      ---       LVL=0

      01002AC8H   BLOCK     CODE     ---       LVL=0
      02000387H   SYMBOL    XDATA    BYTE      Drive
      02000388H   SYMBOL    XDATA    DWORD     lba
      0200038CH   SYMBOL    XDATA    WORD      numsectors
      0200038EH   SYMBOL    XDATA    ---       Buffer
      01002ACDH   BLOCK     CODE     NEAR LAB  LVL=1
      00000015H   SYMBOL    IDATA    WORD      cyl
      00000017H   SYMBOL    IDATA    WORD      head
      00000019H   SYMBOL    IDATA    WORD      sect
      0000001BH   SYMBOL    IDATA    BYTE      temp
      ---         BLOCKEND  ---      ---       LVL=1
      01002AC8H   LINE      CODE     ---       #279
      01002ACDH   LINE      CODE     ---       #283
      01002ACDH   LINE      CODE     ---       #288
      01002AD6H   LINE      CODE     ---       #289
      01002AF0H   LINE      CODE     ---       #290
      01002B04H   LINE      CODE     ---       #291
      01002B12H   LINE      CODE     ---       #292
      01002B15H   LINE      CODE     ---       #295
      01002B24H   LINE      CODE     ---       #296
      01002B3DH   LINE      CODE     ---       #297
      01002B51H   LINE      CODE     ---       #298
      01002B6AH   LINE      CODE     ---       #299
      01002B84H   LINE      CODE     ---       #301
      01002BC3H   LINE      CODE     ---       #303
      01002BC5H   LINE      CODE     ---       #304
      01002BC8H   LINE      CODE     ---       #305
      01002BCCH   LINE      CODE     ---       #306
      ---         BLOCKEND  ---      ---       LVL=0

      01003114H   BLOCK     CODE     ---       LVL=0
      00000001H   SYMBOL    DATA     ---       Buffer
      020003C6H   SYMBOL    XDATA    WORD      numSector
      0100311CH   BLOCK     CODE     NEAR LAB  LVL=1
      0000001CH   SYMBOL    IDATA    WORD      i
      ---         BLOCKEND  ---      ---       LVL=1
      01003114H   LINE      CODE     ---       #308
      0100311CH   LINE      CODE     ---       #309
      0100311CH   LINE      CODE     ---       #313
      01003122H   LINE      CODE     ---       #315
      0100313CH   LINE      CODE     ---       #316
      0100313CH   LINE      CODE     ---       #317
LX51 LINKER/LOCATER V4.05                                                             12/23/2006  00:34:02  PAGE 16


      0100313FH   LINE      CODE     ---       #318
      01003149H   LINE      CODE     ---       #321
      ---         BLOCKEND  ---      ---       LVL=0

      01000006H   BLOCK     CODE     ---       LVL=0
      01000006H   BLOCK     CODE     NEAR LAB  LVL=1
      0000001EH   SYMBOL    IDATA    BYTE      b
      ---         BLOCKEND  ---      ---       LVL=1
      01000006H   LINE      CODE     ---       #323
      01000006H   LINE      CODE     ---       #324
      01000006H   LINE      CODE     ---       #327
      0100000FH   LINE      CODE     ---       #328
      01000018H   LINE      CODE     ---       #329
      0100001FH   LINE      CODE     ---       #330
      ---         BLOCKEND  ---      ---       LVL=0

      010032C2H   BLOCK     CODE     ---       LVL=0
      00000007H   SYMBOL    DATA     BYTE      reg
      010032C2H   LINE      CODE     ---       #334
      010032C2H   LINE      CODE     ---       #335
      010032C2H   LINE      CODE     ---       #336
      010032C5H   LINE      CODE     ---       #337
      ---         BLOCKEND  ---      ---       LVL=0

      010032CAH   BLOCK     CODE     ---       LVL=0
      00000007H   SYMBOL    DATA     BYTE      reg
      00000005H   SYMBOL    DATA     BYTE      dat
      010032CAH   LINE      CODE     ---       #339
      010032CAH   LINE      CODE     ---       #340
      010032CAH   LINE      CODE     ---       #341
      ---         BLOCKEND  ---      ---       LVL=0

      010031C8H   BLOCK     CODE     VOID      LVL=0
      ---         BLOCKEND  ---      ---       LVL=0

      010031CCH   BLOCK     CODE     ---       LVL=0
      020003C8H   SYMBOL    XDATA    BYTE      mask
      020003C9H   SYMBOL    XDATA    BYTE      waitStatus
      00000007H   SYMBOL    DATA     BYTE      status
      010031D4H   BLOCK     CODE     NEAR LAB  LVL=1
      00000007H   SYMBOL    DATA     BYTE      status
      ---         BLOCKEND  ---      ---       LVL=1
      010031CCH   LINE      CODE     ---       #344
      010031D4H   LINE      CODE     ---       #345
      010031D4H   LINE      CODE     ---       #348
      010031D7H   LINE      CODE     ---       #351
      010031E7H   LINE      CODE     ---       #353
      010031E7H   LINE      CODE     ---       #354
      ---         BLOCKEND  ---      ---       LVL=0

      01001E2DH   BLOCK     CODE     ---       LVL=0
      01001E2DH   BLOCK     CODE     NEAR LAB  LVL=1
      00000007H   SYMBOL    DATA     BYTE      i
      020003C0H   SYMBOL    XDATA    ---       buffer
      ---         BLOCKEND  ---      ---       LVL=1
      01001E2DH   LINE      CODE     ---       #356
      01001E2DH   LINE      CODE     ---       #357
      01001E2DH   LINE      CODE     ---       #359
      01001E3BH   LINE      CODE     ---       #362
      01001E44H   LINE      CODE     ---       #364
      01001E47H   LINE      CODE     ---       #366
      01001E4EH   LINE      CODE     ---       #368
      01001E55H   LINE      CODE     ---       #369
      01001E5CH   LINE      CODE     ---       #371
      01001E5FH   LINE      CODE     ---       #375
LX51 LINKER/LOCATER V4.05                                                             12/23/2006  00:34:02  PAGE 17


      01001E73H   LINE      CODE     ---       #376
      01001E7AH   LINE      CODE     ---       #377
      01001E80H   LINE      CODE     ---       #378
      01001E87H   LINE      CODE     ---       #379
      01001E94H   LINE      CODE     ---       #380
      01001EC4H   LINE      CODE     ---       #381
      01001EF4H   LINE      CODE     ---       #382
      01001F24H   LINE      CODE     ---       #385
      01001F42H   LINE      CODE     ---       #386
      01001F54H   LINE      CODE     ---       #387
      01001F66H   LINE      CODE     ---       #388
      01001F78H   LINE      CODE     ---       #389
      01001F97H   LINE      CODE     ---       #394
      01001F9FH   LINE      CODE     ---       #395
      01001F9FH   LINE      CODE     ---       #397
      01001FBFH   LINE      CODE     ---       #398
      01001FD2H   LINE      CODE     ---       #399
      01001FD6H   LINE      CODE     ---       #401
      01001FDAH   LINE      CODE     ---       #404
      01001FDFH   LINE      CODE     ---       #405
      01001FDFH   LINE      CODE     ---       #407
      01002001H   LINE      CODE     ---       #409
      01002007H   LINE      CODE     ---       #410
      01002009H   LINE      CODE     ---       #412
      01002009H   LINE      CODE     ---       #415
      0100203FH   LINE      CODE     ---       #417
      01002061H   LINE      CODE     ---       #418
      01002080H   LINE      CODE     ---       #419
      01002080H   LINE      CODE     ---       #421
      ---         BLOCKEND  ---      ---       LVL=0

      0100248FH   BLOCK     CODE     ---       LVL=0
      0100248FH   BLOCK     CODE     NEAR LAB  LVL=1
      020003AAH   SYMBOL    XDATA    INT       s
      020003ACH   SYMBOL    XDATA    INT       t
      020003AEH   SYMBOL    XDATA    BYTE      a
      020003AFH   SYMBOL    XDATA    BYTE      b
      ---         BLOCKEND  ---      ---       LVL=1
      0100248FH   LINE      CODE     ---       #431
      0100248FH   LINE      CODE     ---       #433
      0100248FH   LINE      CODE     ---       #436
      01002498H   LINE      CODE     ---       #437
      010024B1H   LINE      CODE     ---       #438
      010024B1H   LINE      CODE     ---       #439
      010024BFH   LINE      CODE     ---       #440
      010024CFH   LINE      CODE     ---       #441
      010024D8H   LINE      CODE     ---       #442
      010024F4H   LINE      CODE     ---       #443
      010024F4H   LINE      CODE     ---       #444
      01002511H   LINE      CODE     ---       #445
      01002518H   LINE      CODE     ---       #446
      01002518H   LINE      CODE     ---       #447
      01002563H   LINE      CODE     ---       #448
      01002582H   LINE      CODE     ---       #449
      0100258BH   LINE      CODE     ---       #450
      010025A7H   LINE      CODE     ---       #451
      010025A7H   LINE      CODE     ---       #452
      010025D2H   LINE      CODE     ---       #453
      010025E3H   LINE      CODE     ---       #454
      010025F2H   LINE      CODE     ---       #455
      01002603H   LINE      CODE     ---       #456
      0100261CH   LINE      CODE     ---       #457
      0100262DH   LINE      CODE     ---       #458
      01002636H   LINE      CODE     ---       #459
      0100263DH   LINE      CODE     ---       #460
LX51 LINKER/LOCATER V4.05                                                             12/23/2006  00:34:02  PAGE 18


      01002651H   LINE      CODE     ---       #461
      ---         BLOCKEND  ---      ---       LVL=0

      01002F5AH   BLOCK     CODE     ---       LVL=0
      01002F5AH   BLOCK     CODE     NEAR LAB  LVL=1
      020003CAH   SYMBOL    XDATA    INT       s
      ---         BLOCKEND  ---      ---       LVL=1
      01002F5AH   LINE      CODE     ---       #464
      01002F5AH   LINE      CODE     ---       #465
      01002F5AH   LINE      CODE     ---       #468
      01002F63H   LINE      CODE     ---       #469
      01002F68H   LINE      CODE     ---       #470
      01002F6FH   LINE      CODE     ---       #471
      01002F6FH   LINE      CODE     ---       #472
      01002F77H   LINE      CODE     ---       #473
      01002F7AH   LINE      CODE     ---       #474
      01002F7DH   LINE      CODE     ---       #475
      01002F7FH   LINE      CODE     ---       #476
      01002F99H   LINE      CODE     ---       #477
      01002FA6H   LINE      CODE     ---       #478
      01002FA8H   LINE      CODE     ---       #479
      01002FC7H   LINE      CODE     ---       #482
      ---         BLOCKEND  ---      ---       LVL=0

      01000022H   BLOCK     CODE     ---       LVL=0
      01000022H   LINE      CODE     ---       #485
      01000022H   LINE      CODE     ---       #489
      ---         BLOCKEND  ---      ---       LVL=0

      010032C6H   BLOCK     CODE     ---       LVL=0
      00000007H   SYMBOL    DATA     BYTE      p_ucRegister
      010032C6H   BLOCK     CODE     NEAR LAB  LVL=1
      00000007H   SYMBOL    DATA     BYTE      ata_reg
      ---         BLOCKEND  ---      ---       LVL=1
      010032C6H   LINE      CODE     ---       #494
      010032C6H   LINE      CODE     ---       #495
      010032C6H   LINE      CODE     ---       #497
      010032C9H   LINE      CODE     ---       #498
      010032C9H   LINE      CODE     ---       #499
      ---         BLOCKEND  ---      ---       LVL=0

      01003176H   BLOCK     CODE     ---       LVL=0
      020003CCH   SYMBOL    XDATA    BYTE      p_ucRegister
      020003CDH   SYMBOL    XDATA    BYTE      p_ucData
      01003176H   LINE      CODE     ---       #501
      0100317EH   LINE      CODE     ---       #502
      0100317EH   LINE      CODE     ---       #503
      01003187H   LINE      CODE     ---       #504
      0100318DH   LINE      CODE     ---       #505
      01003193H   LINE      CODE     ---       #506
      01003195H   LINE      CODE     ---       #507
      0100319CH   LINE      CODE     ---       #508
      0100319EH   LINE      CODE     ---       #510
      ---         BLOCKEND  ---      ---       LVL=0

      01003240H   BLOCK     CODE     ---       LVL=0
      01003240H   LINE      CODE     ---       #511
      01003240H   LINE      CODE     ---       #512
      01003240H   LINE      CODE     ---       #513
      01003249H   LINE      CODE     ---       #514
      01003252H   LINE      CODE     ---       #515
      ---         BLOCKEND  ---      ---       LVL=0

      01002E40H   BLOCK     CODE     ---       LVL=0
      01002E40H   LINE      CODE     ---       #517
LX51 LINKER/LOCATER V4.05                                                             12/23/2006  00:34:02  PAGE 19


      01002E40H   LINE      CODE     ---       #518
      01002E40H   LINE      CODE     ---       #519
      01002E49H   LINE      CODE     ---       #520
      01002E5CH   LINE      CODE     ---       #521
      01002E6FH   LINE      CODE     ---       #522
      01002E82H   LINE      CODE     ---       #523
      01002E95H   LINE      CODE     ---       #524
      01002EA8H   LINE      CODE     ---       #525
      01002EBBH   LINE      CODE     ---       #526
      ---         BLOCKEND  ---      ---       LVL=0

      01003273H   BLOCK     CODE     ---       LVL=0
      00000007H   SYMBOL    DATA     BYTE      REG
      01003273H   BLOCK     CODE     NEAR LAB  LVL=1
      00000007H   SYMBOL    DATA     BYTE      return_val
      ---         BLOCKEND  ---      ---       LVL=1
      01003273H   LINE      CODE     ---       #529
      01003273H   LINE      CODE     ---       #530
      01003273H   LINE      CODE     ---       #532
      01003276H   LINE      CODE     ---       #533
      01003278H   LINE      CODE     ---       #534
      0100327AH   LINE      CODE     ---       #535
      0100327CH   LINE      CODE     ---       #536
      0100327EH   LINE      CODE     ---       #537
      0100327EH   LINE      CODE     ---       #538
      ---         BLOCKEND  ---      ---       LVL=0

      01003264H   BLOCK     CODE     VOID      LVL=0
      ---         BLOCKEND  ---      ---       LVL=0

      01003268H   BLOCK     CODE     ---       LVL=0
      00000006H   SYMBOL    DATA     WORD      dd
      01003268H   LINE      CODE     ---       #550
      01003268H   LINE      CODE     ---       #551
      01003268H   LINE      CODE     ---       #552
      01003272H   LINE      CODE     ---       #553
      ---         BLOCKEND  ---      ---       LVL=0

      01003253H   BLOCK     CODE     ---       LVL=0
      01003253H   LINE      CODE     ---       #559
      01003253H   LINE      CODE     ---       #560
      01003253H   LINE      CODE     ---       #562
      01003256H   LINE      CODE     ---       #563
      01003259H   LINE      CODE     ---       #564
      0100325CH   LINE      CODE     ---       #565
      0100325FH   LINE      CODE     ---       #566
      01003261H   LINE      CODE     ---       #567
      01003263H   LINE      CODE     ---       #568
      ---         BLOCKEND  ---      ---       LVL=0

      010032ACH   BLOCK     CODE     ---       LVL=0
      00000007H   SYMBOL    DATA     BYTE      c
      010032ACH   LINE      CODE     ---       #573
      010032ACH   LINE      CODE     ---       #574
      010032ACH   LINE      CODE     ---       #575
      010032AEH   LINE      CODE     ---       #576
      010032B1H   LINE      CODE     ---       #577
      010032B3H   LINE      CODE     ---       #578
      010032B3H   LINE      CODE     ---       #579
      ---         BLOCKEND  ---      ---       LVL=0

      0100314AH   BLOCK     CODE     ---       LVL=0
      01003155H   BLOCK     CODE     NEAR LAB  LVL=1
      00000007H   SYMBOL    DATA     BYTE      c
      ---         BLOCKEND  ---      ---       LVL=1
LX51 LINKER/LOCATER V4.05                                                             12/23/2006  00:34:02  PAGE 20


      0100314AH   LINE      CODE     ---       #584
      01003155H   LINE      CODE     ---       #587
      01003158H   LINE      CODE     ---       #588
      01003158H   LINE      CODE     ---       #589
      0100315AH   LINE      CODE     ---       #590
      01003163H   LINE      CODE     ---       #591
      0100316BH   LINE      CODE     ---       #592
      0100316DH   LINE      CODE     ---       #593
      0100316DH   LINE      CODE     ---       #595
      ---         BLOCKEND  ---      ---       LVL=0

      ---         MODULE    ---      ---       FAT
      000000A2H   PUBLIC    IDATA    DWORD     FirstDataSector
      000000A0H   PUBLIC    IDATA    WORD      SectorsPerCluster
      020002ACH   PUBLIC    XDATA    ---       LongNameBuffer
      0200028CH   PUBLIC    XDATA    ---       LongBuffer
      0200028AH   PUBLIC    XDATA    WORD      entrycount
      0000009CH   PUBLIC    IDATA    DWORD     FirstFATSector
      02000288H   PUBLIC    XDATA    WORD      baseentry
      02000285H   PUBLIC    XDATA    ---       SectorBuffer
      0000009BH   PUBLIC    IDATA    BYTE      Fat32Enabled
      00000097H   PUBLIC    IDATA    DWORD     FatInCache
      00000087H   PUBLIC    IDATA    ---       PartInfo
      00000085H   PUBLIC    IDATA    WORD      BytesPerSector
      00000081H   PUBLIC    IDATA    DWORD     FirstDirSector
      0000007DH   PUBLIC    IDATA    DWORD     FileSize
      02000282H   PUBLIC    XDATA    ---       DirNameBuffer
      02000202H   PUBLIC    XDATA    ---       DirBuffer
      01002803H   PUBLIC    CODE     ---       _fatNextCluster
      01002D19H   PUBLIC    CODE     ---       _fatLoadCluster
      0100328BH   PUBLIC    CODE     ---       fatGetDirname
      0100327FH   PUBLIC    CODE     ---       fatGetFilename
      010032BCH   PUBLIC    CODE     ---       fatGetFilesize
      01000026H   PUBLIC    CODE     ---       _fatGetDirEntry
      01000C65H   PUBLIC    CODE     ---       _fatInit
      010032B4H   PUBLIC    CODE     ---       fatClusterSize
      01002DAEH   PUBLIC    CODE     ---       _fatClustToSect
      010029BBH   PUBLIC    CODE     ---       _IDE_SectorDWORD
      01003047H   PUBLIC    CODE     ---       _IDE_SectorWORD

      01003033H   BLOCK     CODE     VOID      LVL=0
      ---         BLOCKEND  ---      ---       LVL=0

      01003047H   BLOCK     CODE     ---       LVL=0
      00000006H   SYMBOL    DATA     WORD      wtc
      000000A6H   SYMBOL    IDATA    WORD      dat
      000000A8H   SYMBOL    IDATA    WORD      A
      000000AAH   SYMBOL    IDATA    WORD      B
      01003047H   BLOCK     CODE     NEAR LAB  LVL=1
      000000A6H   SYMBOL    IDATA    WORD      dat
      000000A8H   SYMBOL    IDATA    WORD      A
      000000AAH   SYMBOL    IDATA    WORD      B
      ---         BLOCKEND  ---      ---       LVL=1
      01003047H   LINE      CODE     ---       #35
      01003047H   LINE      CODE     ---       #36
      01003047H   LINE      CODE     ---       #37
      0100304DH   LINE      CODE     ---       #40
      01003053H   LINE      CODE     ---       #41
      01003058H   LINE      CODE     ---       #42
      01003098H   LINE      CODE     ---       #44
      01003098H   LINE      CODE     ---       #45
      ---         BLOCKEND  ---      ---       LVL=0

      010029AAH   BLOCK     CODE     VOID      LVL=0
      ---         BLOCKEND  ---      ---       LVL=0
LX51 LINKER/LOCATER V4.05                                                             12/23/2006  00:34:02  PAGE 21



      010029BBH   BLOCK     CODE     ---       LVL=0
      02000336H   SYMBOL    XDATA    DWORD     dwtc
      00000004H   SYMBOL    DATA     DWORD     dat
      0200033AH   SYMBOL    XDATA    DWORD     A
      0200033EH   SYMBOL    XDATA    DWORD     B
      02000342H   SYMBOL    XDATA    DWORD     C
      02000346H   SYMBOL    XDATA    DWORD     D
      010029C1H   BLOCK     CODE     NEAR LAB  LVL=1
      00000004H   SYMBOL    DATA     DWORD     dat
      0200033AH   SYMBOL    XDATA    DWORD     A
      0200033EH   SYMBOL    XDATA    DWORD     B
      02000342H   SYMBOL    XDATA    DWORD     C
      02000346H   SYMBOL    XDATA    DWORD     D
      ---         BLOCKEND  ---      ---       LVL=1
      010029BBH   LINE      CODE     ---       #58
      010029C1H   LINE      CODE     ---       #59
      010029C1H   LINE      CODE     ---       #60
      010029C1H   LINE      CODE     ---       #63
      010029D2H   LINE      CODE     ---       #64
      010029E3H   LINE      CODE     ---       #65
      010029F5H   LINE      CODE     ---       #66
      01002A07H   LINE      CODE     ---       #68
      01002AC7H   LINE      CODE     ---       #69
      01002AC7H   LINE      CODE     ---       #70
      ---         BLOCKEND  ---      ---       LVL=0

      01002DAEH   BLOCK     CODE     ---       LVL=0
      020003B0H   SYMBOL    XDATA    DWORD     clust
      01002DAEH   LINE      CODE     ---       #72
      01002DB4H   LINE      CODE     ---       #73
      01002DB4H   LINE      CODE     ---       #75
      01002DD7H   LINE      CODE     ---       #76
      01002DF2H   LINE      CODE     ---       #77
      01002DFBH   LINE      CODE     ---       #80
      01002E3FH   LINE      CODE     ---       #81
      ---         BLOCKEND  ---      ---       LVL=0

      010032B4H   BLOCK     CODE     ---       LVL=0
      010032B4H   LINE      CODE     ---       #83
      010032B4H   LINE      CODE     ---       #84
      010032B4H   LINE      CODE     ---       #86
      010032BBH   LINE      CODE     ---       #87
      ---         BLOCKEND  ---      ---       LVL=0

      01000C65H   BLOCK     CODE     ---       LVL=0
      020003B4H   SYMBOL    XDATA    BYTE      device
      01000C6AH   BLOCK     CODE     NEAR LAB  LVL=1
      020003B5H   SYMBOL    XDATA    ---       bpb
      ---         BLOCKEND  ---      ---       LVL=1
      01000C65H   LINE      CODE     ---       #89
      01000C6AH   LINE      CODE     ---       #90
      01000C6AH   LINE      CODE     ---       #96
      01000C7BH   LINE      CODE     ---       #97
      01000C9DH   LINE      CODE     ---       #100
      01000CBBH   LINE      CODE     ---       #105
      01000CEEH   LINE      CODE     ---       #106
      01000D09H   LINE      CODE     ---       #110
      01000D16H   LINE      CODE     ---       #111
      01000D2DH   LINE      CODE     ---       #112
      01000D2DH   LINE      CODE     ---       #114
      01000D85H   LINE      CODE     ---       #115
      01000D87H   LINE      CODE     ---       #117
      01000D87H   LINE      CODE     ---       #119
      01000DF9H   LINE      CODE     ---       #120
LX51 LINKER/LOCATER V4.05                                                             12/23/2006  00:34:02  PAGE 22


      01000DF9H   LINE      CODE     ---       #121
      01000E10H   LINE      CODE     ---       #122
      01000E20H   LINE      CODE     ---       #123
      01000E4FH   LINE      CODE     ---       #125
      01000E65H   LINE      CODE     ---       #126
      01000E65H   LINE      CODE     ---       #127
      01000E65H   LINE      CODE     ---       #128
      01000E65H   LINE      CODE     ---       #129
      01000E65H   LINE      CODE     ---       #131
      01000E6EH   LINE      CODE     ---       #134
      01000E72H   LINE      CODE     ---       #135
      01000E74H   LINE      CODE     ---       #136
      01000E74H   LINE      CODE     ---       #137
      01000E74H   LINE      CODE     ---       #139
      01000E89H   LINE      CODE     ---       #142
      01000E8DH   LINE      CODE     ---       #143
      01000E8FH   LINE      CODE     ---       #144
      01000E8FH   LINE      CODE     ---       #145
      01000E98H   LINE      CODE     ---       #147
      01000E98H   LINE      CODE     ---       #148
      01000E98H   LINE      CODE     ---       #151
      01000EAEH   LINE      CODE     ---       #152
      01000EAEH   LINE      CODE     ---       #153
      01000EAEH   LINE      CODE     ---       #154
      01000EB4H   LINE      CODE     ---       #155
      01000EB6H   LINE      CODE     ---       #156
      01000EB6H   LINE      CODE     ---       #157
      01000EBCH   LINE      CODE     ---       #158
      01000EBEH   LINE      CODE     ---       #159
      01000EBEH   LINE      CODE     ---       #160
      01000EC4H   LINE      CODE     ---       #161
      01000EC6H   LINE      CODE     ---       #162
      01000EC6H   LINE      CODE     ---       #163
      01000ECCH   LINE      CODE     ---       #164
      01000ECEH   LINE      CODE     ---       #165
      01000ECEH   LINE      CODE     ---       #166
      01000ED4H   LINE      CODE     ---       #168
      01000ED6H   LINE      CODE     ---       #169
      01000ED6H   LINE      CODE     ---       #170
      01000EDFH   LINE      CODE     ---       #172
      01000EDFH   LINE      CODE     ---       #173
      01000EDFH   LINE      CODE     ---       #176
      01000EE8H   LINE      CODE     ---       #177
      01000F0BH   LINE      CODE     ---       #178
      01000F2CH   LINE      CODE     ---       #179
      01000F3EH   LINE      CODE     ---       #180
      01000F5FH   LINE      CODE     ---       #181
      01000F7FH   LINE      CODE     ---       #182
      01000F9FH   LINE      CODE     ---       #183
      01000FC0H   LINE      CODE     ---       #184
      01000FE0H   LINE      CODE     ---       #185
      01001000H   LINE      CODE     ---       #186
      01001020H   LINE      CODE     ---       #187
      01001043H   LINE      CODE     ---       #188
      01001066H   LINE      CODE     ---       #189
      01001078H   LINE      CODE     ---       #190
      01001098H   LINE      CODE     ---       #191
      010010B8H   LINE      CODE     ---       #192
      010010DBH   LINE      CODE     ---       #193
      010010FBH   LINE      CODE     ---       #194
      0100111BH   LINE      CODE     ---       #195
      01001124H   LINE      CODE     ---       #196
      0100113BH   LINE      CODE     ---       #197
      01001152H   LINE      CODE     ---       #198
      01001166H   LINE      CODE     ---       #199
LX51 LINKER/LOCATER V4.05                                                             12/23/2006  00:34:02  PAGE 23


      0100117AH   LINE      CODE     ---       #200
      0100118EH   LINE      CODE     ---       #202
      01001190H   LINE      CODE     ---       #203
      ---         BLOCKEND  ---      ---       LVL=0

      01000026H   BLOCK     CODE     ---       LVL=0
      0200031FH   SYMBOL    XDATA    WORD      entry
      00000004H   SYMBOL    DATA     WORD      count
      0100002EH   BLOCK     CODE     NEAR LAB  LVL=1
      0000000DH   SYMBOL    IDATA    DWORD     sector
      02000321H   SYMBOL    XDATA    ---       de
      02000324H   SYMBOL    XDATA    ---       we
      00000011H   SYMBOL    IDATA    WORD      hasBuffer
      00000013H   SYMBOL    IDATA    WORD      b
      00000004H   SYMBOL    DATA     INT       i
      02000327H   SYMBOL    XDATA    INT       index
      02000329H   SYMBOL    XDATA    ---       p
      01000414H   BLOCK     CODE     NEAR LAB  LVL=2
      0200032CH   SYMBOL    XDATA    DWORD     save
      02000330H   SYMBOL    XDATA    WORD      save2
      02000332H   SYMBOL    XDATA    DWORD     rval
      ---         BLOCKEND  ---      ---       LVL=2
      ---         BLOCKEND  ---      ---       LVL=1
      01000026H   LINE      CODE     ---       #208
      0100002EH   LINE      CODE     ---       #209
      0100002EH   LINE      CODE     ---       #211
      01000035H   LINE      CODE     ---       #217
      01000044H   LINE      CODE     ---       #218
      01000051H   LINE      CODE     ---       #219
      01000055H   LINE      CODE     ---       #220
      01000055H   LINE      CODE     ---       #221
      0100005BH   LINE      CODE     ---       #222
      01000066H   LINE      CODE     ---       #223
      01000066H   LINE      CODE     ---       #226
      01000073H   LINE      CODE     ---       #227
      01000079H   LINE      CODE     ---       #228
      01000081H   LINE      CODE     ---       #230
      01000081H   LINE      CODE     ---       #231
      0100008DH   LINE      CODE     ---       #232
      0100008DH   LINE      CODE     ---       #233
      010000BAH   LINE      CODE     ---       #234
      010000CFH   LINE      CODE     ---       #235
      010000D6H   LINE      CODE     ---       #237
      010000D6H   LINE      CODE     ---       #242
      010000EBH   LINE      CODE     ---       #243
      010000EBH   LINE      CODE     ---       #247
      010000F8H   LINE      CODE     ---       #248
      010000F8H   LINE      CODE     ---       #249
      01000116H   LINE      CODE     ---       #251
      0100012AH   LINE      CODE     ---       #252
      0100013EH   LINE      CODE     ---       #253
      01000158H   LINE      CODE     ---       #254
      0100019BH   LINE      CODE     ---       #255
      010001DEH   LINE      CODE     ---       #256
      01000221H   LINE      CODE     ---       #257
      01000241H   LINE      CODE     ---       #258
      0100025CH   LINE      CODE     ---       #261
      0100027AH   LINE      CODE     ---       #262
      0100029BH   LINE      CODE     ---       #263
      010002BCH   LINE      CODE     ---       #264
      010002DDH   LINE      CODE     ---       #265
      010002FDH   LINE      CODE     ---       #270
      01000300H   LINE      CODE     ---       #272
      01000300H   LINE      CODE     ---       #275
      0100031AH   LINE      CODE     ---       #276
LX51 LINKER/LOCATER V4.05                                                             12/23/2006  00:34:02  PAGE 24


      01000323H   LINE      CODE     ---       #277
      01000345H   LINE      CODE     ---       #278
      01000366H   LINE      CODE     ---       #279
      01000386H   LINE      CODE     ---       #280
      010003A6H   LINE      CODE     ---       #281
      010003CCH   LINE      CODE     ---       #282
      010003F2H   LINE      CODE     ---       #285
      010003FCH   LINE      CODE     ---       #286
      010003FCH   LINE      CODE     ---       #290
      01000414H   LINE      CODE     ---       #291
      01000414H   LINE      CODE     ---       #292
      0100041FH   LINE      CODE     ---       #293
      0100042EH   LINE      CODE     ---       #296
      0100044BH   LINE      CODE     ---       #297
      01000467H   LINE      CODE     ---       #300
      01000485H   LINE      CODE     ---       #303
      010004CDH   LINE      CODE     ---       #305
      010004D7H   LINE      CODE     ---       #306
      010004EAH   LINE      CODE     ---       #307
      010004F9H   LINE      CODE     ---       #308
      0100050DH   LINE      CODE     ---       #309
      0100052AH   LINE      CODE     ---       #310
      01000539H   LINE      CODE     ---       #313
      01000539H   LINE      CODE     ---       #315
      01000539H   LINE      CODE     ---       #317
      01000576H   LINE      CODE     ---       #318
      01000584H   LINE      CODE     ---       #319
      01000593H   LINE      CODE     ---       #320
      01000593H   LINE      CODE     ---       #322
      01000595H   LINE      CODE     ---       #324
      010005A9H   LINE      CODE     ---       #325
      010005A9H   LINE      CODE     ---       #326
      010005B2H   LINE      CODE     ---       #327
      010005B8H   LINE      CODE     ---       #328
      010005C6H   LINE      CODE     ---       #329
      010005C6H   LINE      CODE     ---       #331
      010005C6H   LINE      CODE     ---       #332
      010005C6H   LINE      CODE     ---       #333
      010005D0H   LINE      CODE     ---       #334
      010005DEH   LINE      CODE     ---       #335
      01000600H   LINE      CODE     ---       #337
      01000607H   LINE      CODE     ---       #338
      0100060CH   LINE      CODE     ---       #340
      01000622H   LINE      CODE     ---       #341
      0100065AH   LINE      CODE     ---       #342
      ---         BLOCKEND  ---      ---       LVL=0

      010032BCH   BLOCK     CODE     ---       LVL=0
      010032BCH   LINE      CODE     ---       #345
      010032BCH   LINE      CODE     ---       #346
      010032BCH   LINE      CODE     ---       #347
      010032C1H   LINE      CODE     ---       #348
      ---         BLOCKEND  ---      ---       LVL=0

      0100327FH   BLOCK     CODE     ---       LVL=0
      0100327FH   LINE      CODE     ---       #352
      0100327FH   LINE      CODE     ---       #353
      0100327FH   LINE      CODE     ---       #354
      0100328AH   LINE      CODE     ---       #355
      ---         BLOCKEND  ---      ---       LVL=0

      0100328BH   BLOCK     CODE     ---       LVL=0
      0100328BH   LINE      CODE     ---       #359
      0100328BH   LINE      CODE     ---       #360
      0100328BH   LINE      CODE     ---       #361
LX51 LINKER/LOCATER V4.05                                                             12/23/2006  00:34:02  PAGE 25


      01003296H   LINE      CODE     ---       #362
      ---         BLOCKEND  ---      ---       LVL=0

      01002D19H   BLOCK     CODE     ---       LVL=0
      020003A3H   SYMBOL    XDATA    DWORD     cluster
      020003A7H   SYMBOL    XDATA    ---       buffer
      01002D2AH   BLOCK     CODE     NEAR LAB  LVL=1
      0000001FH   SYMBOL    IDATA    BYTE      i
      ---         BLOCKEND  ---      ---       LVL=1
      01002D19H   LINE      CODE     ---       #366
      01002D2AH   LINE      CODE     ---       #367
      01002D2AH   LINE      CODE     ---       #371
      01002D3AH   LINE      CODE     ---       #372
      01002D3AH   LINE      CODE     ---       #376
      01002DA8H   LINE      CODE     ---       #377
      01002DADH   LINE      CODE     ---       #378
      ---         BLOCKEND  ---      ---       LVL=0

      01002803H   BLOCK     CODE     ---       LVL=0
      02000307H   SYMBOL    XDATA    DWORD     cluster
      01002809H   BLOCK     CODE     NEAR LAB  LVL=1
      0200030BH   SYMBOL    XDATA    DWORD     nextCluster
      0200030FH   SYMBOL    XDATA    DWORD     fatMask
      02000313H   SYMBOL    XDATA    DWORD     fatOffset
      02000317H   SYMBOL    XDATA    DWORD     sector
      0200031BH   SYMBOL    XDATA    WORD      offset
      0200031DH   SYMBOL    XDATA    WORD      FAT_CACHE_ADDR
      ---         BLOCKEND  ---      ---       LVL=1
      01002803H   LINE      CODE     ---       #382
      01002809H   LINE      CODE     ---       #383
      01002809H   LINE      CODE     ---       #391
      01002813H   LINE      CODE     ---       #393
      0100281BH   LINE      CODE     ---       #394
      0100281BH   LINE      CODE     ---       #396
      01002831H   LINE      CODE     ---       #398
      0100283BH   LINE      CODE     ---       #399
      0100283DH   LINE      CODE     ---       #401
      0100283DH   LINE      CODE     ---       #403
      01002853H   LINE      CODE     ---       #405
      0100285DH   LINE      CODE     ---       #406
      0100285DH   LINE      CODE     ---       #409
      01002891H   LINE      CODE     ---       #411
      010028B8H   LINE      CODE     ---       #414
      010028D1H   LINE      CODE     ---       #415
      010028D1H   LINE      CODE     ---       #417
      0100290AH   LINE      CODE     ---       #418
      0100291DH   LINE      CODE     ---       #419
      0100291DH   LINE      CODE     ---       #422
      01002952H   LINE      CODE     ---       #425
      01002974H   LINE      CODE     ---       #426
      0100297EH   LINE      CODE     ---       #429
      01002987H   LINE      CODE     ---       #430
      01002998H   LINE      CODE     ---       #431
      0100299BH   LINE      CODE     ---       #434
      010029A9H   LINE      CODE     ---       #435
      ---         BLOCKEND  ---      ---       LVL=0

      ---         MODULE    ---      ---       RPRINTF
      01003201H   PUBLIC    CODE     ---       _Isdigit
      020002AFH   PUBLIC    XDATA    BYTE      ?_rprintfNum?BYTE
      01002652H   PUBLIC    CODE     ---       _rprintfNum
      0100319FH   PUBLIC    CODE     ---       _rprintfu32
      010031E8H   PUBLIC    CODE     ---       _rprintfu16
      01003217H   PUBLIC    CODE     ---       _rprintfu08
      01003297H   PUBLIC    CODE     ---       _rprintfu04
LX51 LINKER/LOCATER V4.05                                                             12/23/2006  00:34:02  PAGE 26


      010032A2H   PUBLIC    CODE     ---       rprintfCRLF
      010030DCH   PUBLIC    CODE     ---       _rprintfProgStr
      02000391H   PUBLIC    XDATA    BYTE      ?_rprintfStrLen?BYTE
      01002C73H   PUBLIC    CODE     ---       _rprintfStrLen
      01003099H   PUBLIC    CODE     ---       _rprintfStr
      010032CDH   SYMBOL    CONST    ---       HexChars

      01003099H   BLOCK     CODE     ---       LVL=0
      020003C3H   SYMBOL    XDATA    ---       str
      01003099H   LINE      CODE     ---       #69
      010030A4H   LINE      CODE     ---       #70
      010030A4H   LINE      CODE     ---       #73
      010030B4H   LINE      CODE     ---       #76
      010030C4H   LINE      CODE     ---       #77
      010030DBH   LINE      CODE     ---       #78
      ---         BLOCKEND  ---      ---       LVL=0

      01002C73H   BLOCK     CODE     ---       LVL=0
      02000391H   SYMBOL    XDATA    ---       str
      02000394H   SYMBOL    XDATA    WORD      start
      02000396H   SYMBOL    XDATA    WORD      len
      01002C86H   BLOCK     CODE     NEAR LAB  LVL=1
      02000398H   SYMBOL    XDATA    INT       i
      ---         BLOCKEND  ---      ---       LVL=1
      01002C73H   LINE      CODE     ---       #84
      01002C86H   LINE      CODE     ---       #85
      01002C86H   LINE      CODE     ---       #86
      01002C8DH   LINE      CODE     ---       #89
      01002C95H   LINE      CODE     ---       #92
      01002CC3H   LINE      CODE     ---       #100
      01002CDFH   LINE      CODE     ---       #101
      01002CDFH   LINE      CODE     ---       #104
      01002CEFH   LINE      CODE     ---       #105
      01002D03H   LINE      CODE     ---       #107
      01002D08H   LINE      CODE     ---       #108
      01002D18H   LINE      CODE     ---       #110
      ---         BLOCKEND  ---      ---       LVL=0

      010030DCH   BLOCK     CODE     ---       LVL=0
      020003B8H   SYMBOL    XDATA    ---       str
      010030E7H   BLOCK     CODE     NEAR LAB  LVL=1
      020003BBH   SYMBOL    XDATA    BYTE      c
      ---         BLOCKEND  ---      ---       LVL=1
      010030DCH   LINE      CODE     ---       #114
      010030E7H   LINE      CODE     ---       #115
      010030E7H   LINE      CODE     ---       #120
      010030EBH   LINE      CODE     ---       #123
      010030FFH   LINE      CODE     ---       #124
      01003109H   LINE      CODE     ---       #125
      01003111H   LINE      CODE     ---       #126
      01003113H   LINE      CODE     ---       #127
      ---         BLOCKEND  ---      ---       LVL=0

      010032A2H   BLOCK     CODE     ---       LVL=0
      010032A2H   LINE      CODE     ---       #131
      010032A2H   LINE      CODE     ---       #132
      010032A2H   LINE      CODE     ---       #134
      010032A7H   LINE      CODE     ---       #135
      ---         BLOCKEND  ---      ---       LVL=0

      01003297H   BLOCK     CODE     ---       LVL=0
      00000007H   SYMBOL    DATA     BYTE      dat
      01003297H   LINE      CODE     ---       #140
      01003297H   LINE      CODE     ---       #141
      01003297H   LINE      CODE     ---       #148
LX51 LINKER/LOCATER V4.05                                                             12/23/2006  00:34:02  PAGE 27


      ---         BLOCKEND  ---      ---       LVL=0

      01003217H   BLOCK     CODE     ---       LVL=0
      020003D0H   SYMBOL    XDATA    BYTE      dat
      01003217H   LINE      CODE     ---       #153
      0100321CH   LINE      CODE     ---       #154
      0100321CH   LINE      CODE     ---       #156
      01003224H   LINE      CODE     ---       #157
      ---         BLOCKEND  ---      ---       LVL=0

      010031E8H   BLOCK     CODE     ---       LVL=0
      020003CEH   SYMBOL    XDATA    WORD      dat
      010031E8H   LINE      CODE     ---       #162
      010031F0H   LINE      CODE     ---       #163
      010031F0H   LINE      CODE     ---       #165
      010031F8H   LINE      CODE     ---       #166
      ---         BLOCKEND  ---      ---       LVL=0

      0100319FH   BLOCK     CODE     ---       LVL=0
      020003BCH   SYMBOL    XDATA    DWORD     dat
      0100319FH   LINE      CODE     ---       #171
      010031A5H   LINE      CODE     ---       #172
      010031A5H   LINE      CODE     ---       #174
      010031BBH   LINE      CODE     ---       #175
      ---         BLOCKEND  ---      ---       LVL=0

      01002652H   BLOCK     CODE     ---       LVL=0
      020002AFH   SYMBOL    XDATA    CHAR      base
      020002B0H   SYMBOL    XDATA    CHAR      numDigits
      020002B1H   SYMBOL    XDATA    CHAR      isSigned
      020002B2H   SYMBOL    XDATA    CHAR      padchar
      020002B3H   SYMBOL    XDATA    LONG      n
      0100265DH   BLOCK     CODE     NEAR LAB  LVL=1
      020002B7H   SYMBOL    XDATA    ---       p
      020002BAH   SYMBOL    XDATA    ---       buf
      020002DAH   SYMBOL    XDATA    DWORD     x
      020002DEH   SYMBOL    XDATA    BYTE      count
      ---         BLOCKEND  ---      ---       LVL=1
      01002652H   LINE      CODE     ---       #190
      0100265DH   LINE      CODE     ---       #191
      0100265DH   LINE      CODE     ---       #199
      01002671H   LINE      CODE     ---       #200
      01002671H   LINE      CODE     ---       #201
      0100267BH   LINE      CODE     ---       #202
      0100267DH   LINE      CODE     ---       #204
      0100267DH   LINE      CODE     ---       #205
      01002691H   LINE      CODE     ---       #206
      01002691H   LINE      CODE     ---       #209
      010026A6H   LINE      CODE     ---       #210
      010026B4H   LINE      CODE     ---       #211
      010026C8H   LINE      CODE     ---       #215
      010026CAH   LINE      CODE     ---       #217
      010026D7H   LINE      CODE     ---       #218
      010026D7H   LINE      CODE     ---       #219
      010026F0H   LINE      CODE     ---       #220
      010026F0H   LINE      CODE     ---       #222
      01002753H   LINE      CODE     ---       #223
      01002756H   LINE      CODE     ---       #225
      01002756H   LINE      CODE     ---       #227
      0100276FH   LINE      CODE     ---       #228
      0100276FH   LINE      CODE     ---       #229
      01002772H   LINE      CODE     ---       #232
      01002778H   LINE      CODE     ---       #233
      01002778H   LINE      CODE     ---       #234
      01002788H   LINE      CODE     ---       #235
LX51 LINKER/LOCATER V4.05                                                             12/23/2006  00:34:02  PAGE 28


      01002788H   LINE      CODE     ---       #236
      01002798H   LINE      CODE     ---       #237
      0100279AH   LINE      CODE     ---       #238
      010027B8H   LINE      CODE     ---       #239
      010027B8H   LINE      CODE     ---       #240
      010027C5H   LINE      CODE     ---       #241
      010027C7H   LINE      CODE     ---       #243
      010027C7H   LINE      CODE     ---       #244
      010027D7H   LINE      CODE     ---       #245
      010027D7H   LINE      CODE     ---       #246
      010027D7H   LINE      CODE     ---       #249
      010027DFH   LINE      CODE     ---       #250
      010027E9H   LINE      CODE     ---       #251
      010027E9H   LINE      CODE     ---       #252
      01002800H   LINE      CODE     ---       #253
      01002802H   LINE      CODE     ---       #254
      ---         BLOCKEND  ---      ---       LVL=0

      01003201H   BLOCK     CODE     ---       LVL=0
      00000007H   SYMBOL    DATA     CHAR      c
      01003201H   LINE      CODE     ---       #256
      01003201H   LINE      CODE     ---       #257
      01003201H   LINE      CODE     ---       #258
      01003211H   LINE      CODE     ---       #259
      01003214H   LINE      CODE     ---       #261
      01003216H   LINE      CODE     ---       #262
      ---         BLOCKEND  ---      ---       LVL=0

      ---         MODULE    ---      ---       ?C_INIT
      01002F15H   PUBLIC    CODE     ---       ?C_START

      ---         MODULE    ---      ---       ?C?COPY
      0100072BH   PUBLIC    CODE     ---       ?C?COPY

      ---         MODULE    ---      ---       ?C?CLDPTR
      01000751H   PUBLIC    CODE     ---       ?C?CLDPTR

      ---         MODULE    ---      ---       ?C?CLDOPTR
      0100076AH   PUBLIC    CODE     ---       ?C?CLDOPTR

      ---         MODULE    ---      ---       ?C?CSTPTR
      01000797H   PUBLIC    CODE     ---       ?C?CSTPTR

      ---         MODULE    ---      ---       ?C?IMUL
      010007A9H   PUBLIC    CODE     ---       ?C?IMUL

      ---         MODULE    ---      ---       ?C?IILDX
      010007BBH   PUBLIC    CODE     ---       ?C?IILDX

      ---         MODULE    ---      ---       ?C?ILDIX
      010007D1H   PUBLIC    CODE     ---       ?C?ILDIX

      ---         MODULE    ---      ---       ?C?ILDPTR
      010007E7H   PUBLIC    CODE     ---       ?C?ILDPTR

      ---         MODULE    ---      ---       ?C?ILDOPTR
      01000812H   PUBLIC    CODE     ---       ?C?ILDOPTR

      ---         MODULE    ---      ---       ?C?LMUL
      0100084AH   PUBLIC    CODE     ---       ?C?LMUL

      ---         MODULE    ---      ---       ?C?ULDIV
      010008D5H   PUBLIC    CODE     ---       ?C?ULDIV

      ---         MODULE    ---      ---       ?C?LNEG
LX51 LINKER/LOCATER V4.05                                                             12/23/2006  00:34:02  PAGE 29


      01000967H   PUBLIC    CODE     ---       ?C?LNEG

      ---         MODULE    ---      ---       ?C?SLCMP
      01000975H   PUBLIC    CODE     ---       ?C?SLCMP

      ---         MODULE    ---      ---       ?C?ULCMP
      0100098BH   PUBLIC    CODE     ---       ?C?ULCMP

      ---         MODULE    ---      ---       ?C?ULSHR
      0100099CH   PUBLIC    CODE     ---       ?C?ULSHR

      ---         MODULE    ---      ---       ?C?LSHL
      010009AFH   PUBLIC    CODE     ---       ?C?LSHL

      ---         MODULE    ---      ---       ?C?LLDPTR
      010009C2H   PUBLIC    CODE     ---       ?C?LLDPTR

      ---         MODULE    ---      ---       ?C?LLDOPTR
      010009E2H   PUBLIC    CODE     ---       ?C?LLDOPTR

      ---         MODULE    ---      ---       ?C?LLDIDATA
      01000A12H   PUBLIC    CODE     ---       ?C?LLDIDATA

      ---         MODULE    ---      ---       ?C?LLDIDATA0
      01000A1EH   PUBLIC    CODE     ---       ?C?LLDIDATA0

      ---         MODULE    ---      ---       ?C?LLDIIDATA
      01000A34H   PUBLIC    CODE     ---       ?C?LLDIIDATA
      01000A2BH   PUBLIC    CODE     ---       ?C?LLDIIDATA1
      01000A2DH   PUBLIC    CODE     ---       ?C?LLDIIDATA8

      ---         MODULE    ---      ---       ?C?LSTIDATA
      01000A4BH   PUBLIC    CODE     ---       ?C?LSTIDATA

      ---         MODULE    ---      ---       ?C?LSTXDATA
      01000A57H   PUBLIC    CODE     ---       ?C?LSTXDATA

      ---         MODULE    ---      ---       ?C?LSTKIDATA
      01000A63H   PUBLIC    CODE     ---       ?C?LSTKIDATA

      ---         MODULE    ---      ---       ?C?LSTKXDATA
      01000A7CH   PUBLIC    CODE     ---       ?C?LSTKXDATA

      ---         MODULE    ---      ---       PRINTF
      020002DFH   PUBLIC    XDATA    ---       ?_PRINTF517?BYTE
      020002DFH   PUBLIC    XDATA    ---       ?_PRINTF?BYTE
      020002DFH   PUBLIC    XDATA    ---       ?_SPRINTF517?BYTE
      020002DFH   PUBLIC    XDATA    ---       ?_SPRINTF?BYTE
      01001593H   PUBLIC    CODE     ---       _PRINTF
      01001593H   PUBLIC    CODE     ---       _PRINTF517
      0100158DH   PUBLIC    CODE     ---       _SPRINTF
      0100158DH   PUBLIC    CODE     ---       _SPRINTF517

      ---         MODULE    ---      ---       STRCAT
      0200039AH   PUBLIC    XDATA    ---       ?_STRCAT?BYTE
      01002FC8H   PUBLIC    CODE     ---       _STRCAT

      ---         MODULE    ---      ---       ?C?STRCPY
      01000B79H   PUBLIC    CODE     ---       ?C?STRCPY

      ---         MODULE    ---      ---       STRTOL
      0200036EH   PUBLIC    XDATA    ---       ?_STRTOL?BYTE
      01002092H   PUBLIC    CODE     ---       _STRTOL

      ---         MODULE    ---      ---       ?C?LLDXDATA
LX51 LINKER/LOCATER V4.05                                                             12/23/2006  00:34:02  PAGE 30


      01000B96H   PUBLIC    CODE     ---       ?C?LLDXDATA

      ---         MODULE    ---      ---       ?C?LLDPDATA
      01000BA2H   PUBLIC    CODE     ---       ?C?LLDPDATA

      ---         MODULE    ---      ---       ?C?LLDCODE
      01000BAEH   PUBLIC    CODE     ---       ?C?LLDCODE

      ---         MODULE    ---      ---       ?C?PLDIXDATA
      01000BBEH   PUBLIC    CODE     ---       ?C?PLDIXDATA

      ---         MODULE    ---      ---       ?C?PSTXDATA
      01000BD5H   PUBLIC    CODE     ---       ?C?PSTXDATA

      ---         MODULE    ---      ---       ?C?PSTPTR
      01000BDEH   PUBLIC    CODE     ---       ?C?PSTPTR

      ---         MODULE    ---      ---       ?C?CCASE
      01000C2DH   PUBLIC    CODE     ---       ?C?CCASE

      ---         MODULE    ---      ---       ?C?PSTIDATA
      01000C53H   PUBLIC    CODE     ---       ?C?PSTIDATA

      ---         MODULE    ---      ---       ?C?PSTPDATA
      01000C5CH   PUBLIC    CODE     ---       ?C?PSTPDATA

Program Size: data=172.1 xdata=977 const=17 code=13005
LX51 RUN COMPLETE.  0 WARNING(S),  0 ERROR(S)
